-- Logs begin at Mon 2015-01-05 02:30:43 CST, end at Tue 2015-03-31 08:34:11 CDT. --
Mar 31 08:16:47 dUsTiN-XPS systemd-journal[232]: Runtime journal is using 8.0M (max allowed 598.5M, trying to leave 897.8M free of 5.8G available â†’ current limit 598.5M).
Mar 31 08:16:47 dUsTiN-XPS systemd-journal[232]: Permanent journal is using 184.0M (max allowed 4.0G, trying to leave 4.0G free of 94.5G available â†’ current limit 4.0G).
Mar 31 08:16:47 dUsTiN-XPS systemd-journal[232]: Time spent on flushing to /var is 64.678ms for 2 entries.
Mar 31 08:16:47 dUsTiN-XPS kernel: CPU0 microcode updated early to revision 0x1c, date = 2014-07-03
Mar 31 08:16:47 dUsTiN-XPS kernel: Initializing cgroup subsys cpuset
Mar 31 08:16:47 dUsTiN-XPS kernel: Initializing cgroup subsys cpu
Mar 31 08:16:47 dUsTiN-XPS kernel: Initializing cgroup subsys cpuacct
Mar 31 08:16:47 dUsTiN-XPS kernel: [1;39mLinux version 3.19.2-1-ARCH (builduser@tobias) (gcc version 4.9.2 20150304 (prerelease) (GCC) ) #1 SMP PREEMPT Wed Mar 18 16:21:02 CET 2015[0m
Mar 31 08:16:47 dUsTiN-XPS kernel: Command line: BOOT_IMAGE=/vmlinuz-linux root=UUID=e52729e9-7916-4299-9c97-d08b1b96c1bd rw resume=UUID=6a258178-2379-4fdb-94b4-1e72b0590cc6 quiet splash
Mar 31 08:16:47 dUsTiN-XPS kernel: e820: BIOS-provided physical RAM map:
Mar 31 08:16:47 dUsTiN-XPS kernel: BIOS-e820: [mem 0x0000000000000000-0x0000000000057fff] usable
Mar 31 08:16:47 dUsTiN-XPS kernel: BIOS-e820: [mem 0x0000000000058000-0x0000000000058fff] reserved
Mar 31 08:16:47 dUsTiN-XPS kernel: BIOS-e820: [mem 0x0000000000059000-0x000000000009efff] usable
Mar 31 08:16:47 dUsTiN-XPS kernel: BIOS-e820: [mem 0x000000000009f000-0x000000000009ffff] reserved
Mar 31 08:16:47 dUsTiN-XPS kernel: BIOS-e820: [mem 0x0000000000100000-0x00000000cd2cafff] usable
Mar 31 08:16:47 dUsTiN-XPS kernel: BIOS-e820: [mem 0x00000000cd2cb000-0x00000000cd2d1fff] ACPI NVS
Mar 31 08:16:47 dUsTiN-XPS kernel: BIOS-e820: [mem 0x00000000cd2d2000-0x00000000cdb21fff] usable
Mar 31 08:16:47 dUsTiN-XPS kernel: BIOS-e820: [mem 0x00000000cdb22000-0x00000000cdd9efff] reserved
Mar 31 08:16:47 dUsTiN-XPS kernel: BIOS-e820: [mem 0x00000000cdd9f000-0x00000000ddeb6fff] usable
Mar 31 08:16:47 dUsTiN-XPS kernel: BIOS-e820: [mem 0x00000000ddeb7000-0x00000000de0befff] reserved
Mar 31 08:16:47 dUsTiN-XPS kernel: BIOS-e820: [mem 0x00000000de0bf000-0x00000000de2a2fff] usable
Mar 31 08:16:47 dUsTiN-XPS kernel: BIOS-e820: [mem 0x00000000de2a3000-0x00000000de9d0fff] ACPI NVS
Mar 31 08:16:47 dUsTiN-XPS kernel: BIOS-e820: [mem 0x00000000de9d1000-0x00000000def76fff] reserved
Mar 31 08:16:47 dUsTiN-XPS kernel: BIOS-e820: [mem 0x00000000def77000-0x00000000deffefff] type 20
Mar 31 08:16:47 dUsTiN-XPS kernel: BIOS-e820: [mem 0x00000000defff000-0x00000000deffffff] usable
Mar 31 08:16:47 dUsTiN-XPS kernel: BIOS-e820: [mem 0x00000000f8000000-0x00000000fbffffff] reserved
Mar 31 08:16:47 dUsTiN-XPS kernel: BIOS-e820: [mem 0x00000000fec00000-0x00000000fec00fff] reserved
Mar 31 08:16:47 dUsTiN-XPS kernel: BIOS-e820: [mem 0x00000000fed00000-0x00000000fed03fff] reserved
Mar 31 08:16:47 dUsTiN-XPS kernel: BIOS-e820: [mem 0x00000000fed1c000-0x00000000fed1ffff] reserved
Mar 31 08:16:47 dUsTiN-XPS kernel: BIOS-e820: [mem 0x00000000fee00000-0x00000000fee00fff] reserved
Mar 31 08:16:47 dUsTiN-XPS kernel: BIOS-e820: [mem 0x00000000ff000000-0x00000000ffffffff] reserved
Mar 31 08:16:47 dUsTiN-XPS kernel: BIOS-e820: [mem 0x0000000100000000-0x000000031effffff] usable
Mar 31 08:16:47 dUsTiN-XPS kernel: NX (Execute Disable) protection: active
Mar 31 08:16:47 dUsTiN-XPS kernel: efi: EFI v2.31 by American Megatrends
Mar 31 08:16:47 dUsTiN-XPS kernel: efi:  ACPI=0xde3b3000  ACPI 2.0=0xde3b3000  SMBIOS=0xf04c0  MPS=0xfd890 
Mar 31 08:16:47 dUsTiN-XPS kernel: efi: mem00: [Boot Code          |   |  |  |  |   |WB|WT|WC|UC] range=[0x0000000000000000-0x0000000000008000) (0MB)
Mar 31 08:16:47 dUsTiN-XPS kernel: efi: mem01: [Conventional Memory|   |  |  |  |   |WB|WT|WC|UC] range=[0x0000000000008000-0x0000000000058000) (0MB)
Mar 31 08:16:47 dUsTiN-XPS kernel: efi: mem02: [Reserved           |   |  |  |  |   |WB|WT|WC|UC] range=[0x0000000000058000-0x0000000000059000) (0MB)
Mar 31 08:16:47 dUsTiN-XPS kernel: efi: mem03: [Conventional Memory|   |  |  |  |   |WB|WT|WC|UC] range=[0x0000000000059000-0x000000000005e000) (0MB)
Mar 31 08:16:47 dUsTiN-XPS kernel: efi: mem04: [Boot Data          |   |  |  |  |   |WB|WT|WC|UC] range=[0x000000000005e000-0x0000000000060000) (0MB)
Mar 31 08:16:47 dUsTiN-XPS kernel: efi: mem05: [Boot Code          |   |  |  |  |   |WB|WT|WC|UC] range=[0x0000000000060000-0x000000000009f000) (0MB)
Mar 31 08:16:47 dUsTiN-XPS kernel: efi: mem06: [Reserved           |   |  |  |  |   |WB|WT|WC|UC] range=[0x000000000009f000-0x00000000000a0000) (0MB)
Mar 31 08:16:47 dUsTiN-XPS kernel: efi: mem07: [Loader Data        |   |  |  |  |   |WB|WT|WC|UC] range=[0x0000000000100000-0x0000000000f3e000) (14MB)
Mar 31 08:16:47 dUsTiN-XPS kernel: efi: mem08: [Conventional Memory|   |  |  |  |   |WB|WT|WC|UC] range=[0x0000000000f3e000-0x0000000036d1a000) (861MB)
Mar 31 08:16:47 dUsTiN-XPS kernel: efi: mem09: [Loader Data        |   |  |  |  |   |WB|WT|WC|UC] range=[0x0000000036d1a000-0x0000000037685000) (9MB)
Mar 31 08:16:47 dUsTiN-XPS kernel: efi: mem10: [Conventional Memory|   |  |  |  |   |WB|WT|WC|UC] range=[0x0000000037685000-0x0000000095917000) (1506MB)
Mar 31 08:16:47 dUsTiN-XPS kernel: efi: mem11: [Loader Data        |   |  |  |  |   |WB|WT|WC|UC] range=[0x0000000095917000-0x00000000c9ebe000) (837MB)
Mar 31 08:16:47 dUsTiN-XPS kernel: efi: mem12: [Conventional Memory|   |  |  |  |   |WB|WT|WC|UC] range=[0x00000000c9ebe000-0x00000000cd2ae000) (51MB)
Mar 31 08:16:47 dUsTiN-XPS kernel: efi: mem13: [Loader Code        |   |  |  |  |   |WB|WT|WC|UC] range=[0x00000000cd2ae000-0x00000000cd2cb000) (0MB)
Mar 31 08:16:47 dUsTiN-XPS kernel: efi: mem14: [ACPI Memory NVS    |   |  |  |  |   |WB|WT|WC|UC] range=[0x00000000cd2cb000-0x00000000cd2d2000) (0MB)
Mar 31 08:16:47 dUsTiN-XPS kernel: efi: mem15: [Boot Data          |   |  |  |  |   |WB|WT|WC|UC] range=[0x00000000cd2d2000-0x00000000cd429000) (1MB)
Mar 31 08:16:47 dUsTiN-XPS kernel: efi: mem16: [Boot Code          |   |  |  |  |   |WB|WT|WC|UC] range=[0x00000000cd429000-0x00000000cdae3000) (6MB)
Mar 31 08:16:47 dUsTiN-XPS kernel: efi: mem17: [Boot Data          |   |  |  |  |   |WB|WT|WC|UC] range=[0x00000000cdae3000-0x00000000cdaff000) (0MB)
Mar 31 08:16:47 dUsTiN-XPS kernel: efi: mem18: [Boot Code          |   |  |  |  |   |WB|WT|WC|UC] range=[0x00000000cdaff000-0x00000000cdb19000) (0MB)
Mar 31 08:16:47 dUsTiN-XPS kernel: efi: mem19: [Boot Data          |   |  |  |  |   |WB|WT|WC|UC] range=[0x00000000cdb19000-0x00000000cdb22000) (0MB)
Mar 31 08:16:47 dUsTiN-XPS kernel: efi: mem20: [Runtime Data       |RUN|  |  |  |   |WB|WT|WC|UC] range=[0x00000000cdb22000-0x00000000cdd9f000) (2MB)
Mar 31 08:16:47 dUsTiN-XPS kernel: efi: mem21: [Boot Data          |   |  |  |  |   |WB|WT|WC|UC] range=[0x00000000cdd9f000-0x00000000cddae000) (0MB)
Mar 31 08:16:47 dUsTiN-XPS kernel: efi: mem22: [Conventional Memory|   |  |  |  |   |WB|WT|WC|UC] range=[0x00000000cddae000-0x00000000d0ed7000) (49MB)
Mar 31 08:16:47 dUsTiN-XPS kernel: efi: mem23: [Boot Data          |   |  |  |  |   |WB|WT|WC|UC] range=[0x00000000d0ed7000-0x00000000d1208000) (3MB)
Mar 31 08:16:47 dUsTiN-XPS kernel: efi: mem24: [Conventional Memory|   |  |  |  |   |WB|WT|WC|UC] range=[0x00000000d1208000-0x00000000d125b000) (0MB)
Mar 31 08:16:47 dUsTiN-XPS kernel: efi: mem25: [Boot Data          |   |  |  |  |   |WB|WT|WC|UC] range=[0x00000000d125b000-0x00000000d12d4000) (0MB)
Mar 31 08:16:47 dUsTiN-XPS kernel: efi: mem26: [Conventional Memory|   |  |  |  |   |WB|WT|WC|UC] range=[0x00000000d12d4000-0x00000000d131c000) (0MB)
Mar 31 08:16:47 dUsTiN-XPS kernel: efi: mem27: [Boot Data          |   |  |  |  |   |WB|WT|WC|UC] range=[0x00000000d131c000-0x00000000d1328000) (0MB)
Mar 31 08:16:47 dUsTiN-XPS kernel: efi: mem28: [Conventional Memory|   |  |  |  |   |WB|WT|WC|UC] range=[0x00000000d1328000-0x00000000d1330000) (0MB)
Mar 31 08:16:47 dUsTiN-XPS kernel: efi: mem29: [Boot Data          |   |  |  |  |   |WB|WT|WC|UC] range=[0x00000000d1330000-0x00000000d1334000) (0MB)
Mar 31 08:16:47 dUsTiN-XPS kernel: efi: mem30: [Conventional Memory|   |  |  |  |   |WB|WT|WC|UC] range=[0x00000000d1334000-0x00000000d133a000) (0MB)
Mar 31 08:16:47 dUsTiN-XPS kernel: efi: mem31: [Boot Data          |   |  |  |  |   |WB|WT|WC|UC] range=[0x00000000d133a000-0x00000000d148f000) (1MB)
Mar 31 08:16:47 dUsTiN-XPS kernel: efi: mem32: [Conventional Memory|   |  |  |  |   |WB|WT|WC|UC] range=[0x00000000d148f000-0x00000000d1918000) (4MB)
Mar 31 08:16:47 dUsTiN-XPS kernel: efi: mem33: [Boot Data          |   |  |  |  |   |WB|WT|WC|UC] range=[0x00000000d1918000-0x00000000d1c50000) (3MB)
Mar 31 08:16:47 dUsTiN-XPS kernel: efi: mem34: [Conventional Memory|   |  |  |  |   |WB|WT|WC|UC] range=[0x00000000d1c50000-0x00000000d1c53000) (0MB)
Mar 31 08:16:47 dUsTiN-XPS kernel: efi: mem35: [Boot Data          |   |  |  |  |   |WB|WT|WC|UC] range=[0x00000000d1c53000-0x00000000d1c6b000) (0MB)
Mar 31 08:16:47 dUsTiN-XPS kernel: efi: mem36: [Conventional Memory|   |  |  |  |   |WB|WT|WC|UC] range=[0x00000000d1c6b000-0x00000000d1c77000) (0MB)
Mar 31 08:16:47 dUsTiN-XPS kernel: efi: mem37: [Boot Data          |   |  |  |  |   |WB|WT|WC|UC] range=[0x00000000d1c77000-0x00000000dd1fb000) (181MB)
Mar 31 08:16:47 dUsTiN-XPS kernel: efi: mem38: [Conventional Memory|   |  |  |  |   |WB|WT|WC|UC] range=[0x00000000dd1fb000-0x00000000ddba2000) (9MB)
Mar 31 08:16:47 dUsTiN-XPS kernel: efi: mem39: [Boot Code          |   |  |  |  |   |WB|WT|WC|UC] range=[0x00000000ddba2000-0x00000000ddeb7000) (3MB)
Mar 31 08:16:47 dUsTiN-XPS kernel: efi: mem40: [Reserved           |   |  |  |  |   |WB|WT|WC|UC] range=[0x00000000ddeb7000-0x00000000de042000) (1MB)
Mar 31 08:16:47 dUsTiN-XPS kernel: efi: mem41: [Reserved           |   |  |  |  |   |WB|WT|WC|UC] range=[0x00000000de042000-0x00000000de054000) (0MB)
Mar 31 08:16:47 dUsTiN-XPS kernel: efi: mem42: [Reserved           |   |  |  |  |   |WB|WT|WC|UC] range=[0x00000000de054000-0x00000000de064000) (0MB)
Mar 31 08:16:47 dUsTiN-XPS kernel: efi: mem43: [Reserved           |   |  |  |  |   |WB|WT|WC|UC] range=[0x00000000de064000-0x00000000de0bf000) (0MB)
Mar 31 08:16:47 dUsTiN-XPS kernel: efi: mem44: [Conventional Memory|   |  |  |  |   |WB|WT|WC|UC] range=[0x00000000de0bf000-0x00000000de299000) (1MB)
Mar 31 08:16:47 dUsTiN-XPS kernel: efi: mem45: [Loader Data        |   |  |  |  |   |WB|WT|WC|UC] range=[0x00000000de299000-0x00000000de2a3000) (0MB)
Mar 31 08:16:47 dUsTiN-XPS kernel: efi: mem46: [ACPI Memory NVS    |   |  |  |  |   |WB|WT|WC|UC] range=[0x00000000de2a3000-0x00000000de9d1000) (7MB)
Mar 31 08:16:47 dUsTiN-XPS kernel: efi: mem47: [Runtime Data       |RUN|  |  |  |   |WB|WT|WC|UC] range=[0x00000000de9d1000-0x00000000ded6f000) (3MB)
Mar 31 08:16:47 dUsTiN-XPS kernel: efi: mem48: [Runtime Data       |RUN|  |  |  |   |WB|WT|WC|UC] range=[0x00000000ded6f000-0x00000000deed7000) (1MB)
Mar 31 08:16:47 dUsTiN-XPS kernel: efi: mem49: [Runtime Data       |RUN|  |  |  |   |WB|WT|WC|UC] range=[0x00000000deed7000-0x00000000deed9000) (0MB)
Mar 31 08:16:47 dUsTiN-XPS kernel: efi: mem50: [Runtime Data       |RUN|  |  |  |   |WB|WT|WC|UC] range=[0x00000000deed9000-0x00000000def77000) (0MB)
Mar 31 08:16:47 dUsTiN-XPS kernel: efi: mem51: [Runtime Code       |RUN|  |  |  |   |WB|WT|WC|UC] range=[0x00000000def77000-0x00000000def92000) (0MB)
Mar 31 08:16:47 dUsTiN-XPS kernel: efi: mem52: [Runtime Code       |RUN|  |  |  |   |WB|WT|WC|UC] range=[0x00000000def92000-0x00000000defff000) (0MB)
Mar 31 08:16:47 dUsTiN-XPS kernel: efi: mem53: [Boot Data          |   |  |  |  |   |WB|WT|WC|UC] range=[0x00000000defff000-0x00000000df000000) (0MB)
Mar 31 08:16:47 dUsTiN-XPS kernel: efi: mem54: [Conventional Memory|   |  |  |  |   |WB|WT|WC|UC] range=[0x0000000100000000-0x000000031f000000) (8688MB)
Mar 31 08:16:47 dUsTiN-XPS kernel: efi: mem55: [Memory Mapped I/O  |RUN|  |  |  |   |  |  |  |UC] range=[0x00000000f8000000-0x00000000fc000000) (64MB)
Mar 31 08:16:47 dUsTiN-XPS kernel: efi: mem56: [Memory Mapped I/O  |RUN|  |  |  |   |  |  |  |UC] range=[0x00000000fec00000-0x00000000fec01000) (0MB)
Mar 31 08:16:47 dUsTiN-XPS kernel: efi: mem57: [Memory Mapped I/O  |RUN|  |  |  |   |  |  |  |UC] range=[0x00000000fed00000-0x00000000fed04000) (0MB)
Mar 31 08:16:47 dUsTiN-XPS kernel: efi: mem58: [Memory Mapped I/O  |RUN|  |  |  |   |  |  |  |UC] range=[0x00000000fed1c000-0x00000000fed20000) (0MB)
Mar 31 08:16:47 dUsTiN-XPS kernel: efi: mem59: [Memory Mapped I/O  |RUN|  |  |  |   |  |  |  |UC] range=[0x00000000fee00000-0x00000000fee01000) (0MB)
Mar 31 08:16:47 dUsTiN-XPS kernel: efi: mem60: [Memory Mapped I/O  |RUN|  |  |  |   |  |  |  |UC] range=[0x00000000ff000000-0x0000000100000000) (16MB)
Mar 31 08:16:47 dUsTiN-XPS kernel: SMBIOS 2.7 present.
Mar 31 08:16:47 dUsTiN-XPS kernel: DMI: Dell Inc. XPS 8700/0KWVT8, BIOS A10 12/08/2014
Mar 31 08:16:47 dUsTiN-XPS kernel: e820: update [mem 0x00000000-0x00000fff] usable ==> reserved
Mar 31 08:16:47 dUsTiN-XPS kernel: e820: remove [mem 0x000a0000-0x000fffff] usable
Mar 31 08:16:47 dUsTiN-XPS kernel: AGP: No AGP bridge found
Mar 31 08:16:47 dUsTiN-XPS kernel: e820: last_pfn = 0x31f000 max_arch_pfn = 0x400000000
Mar 31 08:16:47 dUsTiN-XPS kernel: MTRR default type: uncachable
Mar 31 08:16:47 dUsTiN-XPS kernel: MTRR fixed ranges enabled:
Mar 31 08:16:47 dUsTiN-XPS kernel:   00000-9FFFF write-back
Mar 31 08:16:47 dUsTiN-XPS kernel:   A0000-BFFFF uncachable
Mar 31 08:16:47 dUsTiN-XPS kernel:   C0000-CFFFF write-protect
Mar 31 08:16:47 dUsTiN-XPS kernel:   D0000-DFFFF uncachable
Mar 31 08:16:47 dUsTiN-XPS kernel:   E0000-E7FFF write-through
Mar 31 08:16:47 dUsTiN-XPS kernel:   E8000-FFFFF write-protect
Mar 31 08:16:47 dUsTiN-XPS kernel: MTRR variable ranges enabled:
Mar 31 08:16:47 dUsTiN-XPS kernel:   0 base 0000000000 mask 7E00000000 write-back
Mar 31 08:16:47 dUsTiN-XPS kernel:   1 base 0200000000 mask 7F00000000 write-back
Mar 31 08:16:47 dUsTiN-XPS kernel:   2 base 0300000000 mask 7FF0000000 write-back
Mar 31 08:16:47 dUsTiN-XPS kernel:   3 base 0310000000 mask 7FF8000000 write-back
Mar 31 08:16:47 dUsTiN-XPS kernel:   4 base 0318000000 mask 7FFC000000 write-back
Mar 31 08:16:47 dUsTiN-XPS kernel:   5 base 031C000000 mask 7FFE000000 write-back
Mar 31 08:16:47 dUsTiN-XPS kernel:   6 base 031E000000 mask 7FFF000000 write-back
Mar 31 08:16:47 dUsTiN-XPS kernel:   7 base 00E0000000 mask 7FE0000000 uncachable
Mar 31 08:16:47 dUsTiN-XPS kernel:   8 disabled
Mar 31 08:16:47 dUsTiN-XPS kernel:   9 disabled
Mar 31 08:16:47 dUsTiN-XPS kernel: PAT configuration [0-7]: WB  WC  UC- UC  WB  WC  UC- UC  
Mar 31 08:16:47 dUsTiN-XPS kernel: e820: update [mem 0xe0000000-0xffffffff] usable ==> reserved
Mar 31 08:16:47 dUsTiN-XPS kernel: e820: last_pfn = 0xdf000 max_arch_pfn = 0x400000000
Mar 31 08:16:47 dUsTiN-XPS kernel: found SMP MP-table at [mem 0x000fdb60-0x000fdb6f] mapped at [ffff8800000fdb60]
Mar 31 08:16:47 dUsTiN-XPS kernel: Scanning 1 areas for low memory corruption
Mar 31 08:16:47 dUsTiN-XPS kernel: Base memory trampoline at [ffff880000097000] 97000 size 24576
Mar 31 08:16:47 dUsTiN-XPS kernel: Using GB pages for direct mapping
Mar 31 08:16:47 dUsTiN-XPS kernel: init_memory_mapping: [mem 0x00000000-0x000fffff]
Mar 31 08:16:47 dUsTiN-XPS kernel:  [mem 0x00000000-0x000fffff] page 4k
Mar 31 08:16:47 dUsTiN-XPS kernel: BRK [0x01b32000, 0x01b32fff] PGTABLE
Mar 31 08:16:47 dUsTiN-XPS kernel: BRK [0x01b33000, 0x01b33fff] PGTABLE
Mar 31 08:16:47 dUsTiN-XPS kernel: BRK [0x01b34000, 0x01b34fff] PGTABLE
Mar 31 08:16:47 dUsTiN-XPS kernel: init_memory_mapping: [mem 0x31ee00000-0x31effffff]
Mar 31 08:16:47 dUsTiN-XPS kernel:  [mem 0x31ee00000-0x31effffff] page 2M
Mar 31 08:16:47 dUsTiN-XPS kernel: BRK [0x01b35000, 0x01b35fff] PGTABLE
Mar 31 08:16:47 dUsTiN-XPS kernel: init_memory_mapping: [mem 0x300000000-0x31edfffff]
Mar 31 08:16:47 dUsTiN-XPS kernel:  [mem 0x300000000-0x31edfffff] page 2M
Mar 31 08:16:47 dUsTiN-XPS kernel: init_memory_mapping: [mem 0x2e0000000-0x2ffffffff]
Mar 31 08:16:47 dUsTiN-XPS kernel:  [mem 0x2e0000000-0x2ffffffff] page 1G
Mar 31 08:16:47 dUsTiN-XPS kernel: init_memory_mapping: [mem 0x00100000-0xcd2cafff]
Mar 31 08:16:47 dUsTiN-XPS kernel:  [mem 0x00100000-0x001fffff] page 4k
Mar 31 08:16:47 dUsTiN-XPS kernel:  [mem 0x00200000-0x3fffffff] page 2M
Mar 31 08:16:47 dUsTiN-XPS kernel:  [mem 0x40000000-0xbfffffff] page 1G
Mar 31 08:16:47 dUsTiN-XPS kernel:  [mem 0xc0000000-0xcd1fffff] page 2M
Mar 31 08:16:47 dUsTiN-XPS kernel:  [mem 0xcd200000-0xcd2cafff] page 4k
Mar 31 08:16:47 dUsTiN-XPS kernel: init_memory_mapping: [mem 0xcd2d2000-0xcdb21fff]
Mar 31 08:16:47 dUsTiN-XPS kernel:  [mem 0xcd2d2000-0xcd3fffff] page 4k
Mar 31 08:16:47 dUsTiN-XPS kernel:  [mem 0xcd400000-0xcd9fffff] page 2M
Mar 31 08:16:47 dUsTiN-XPS kernel:  [mem 0xcda00000-0xcdb21fff] page 4k
Mar 31 08:16:47 dUsTiN-XPS kernel: BRK [0x01b36000, 0x01b36fff] PGTABLE
Mar 31 08:16:47 dUsTiN-XPS kernel: init_memory_mapping: [mem 0xcdd9f000-0xddeb6fff]
Mar 31 08:16:47 dUsTiN-XPS kernel:  [mem 0xcdd9f000-0xcddfffff] page 4k
Mar 31 08:16:47 dUsTiN-XPS kernel:  [mem 0xcde00000-0xdddfffff] page 2M
Mar 31 08:16:47 dUsTiN-XPS kernel:  [mem 0xdde00000-0xddeb6fff] page 4k
Mar 31 08:16:47 dUsTiN-XPS kernel: BRK [0x01b37000, 0x01b37fff] PGTABLE
Mar 31 08:16:47 dUsTiN-XPS kernel: init_memory_mapping: [mem 0xde0bf000-0xde2a2fff]
Mar 31 08:16:47 dUsTiN-XPS kernel:  [mem 0xde0bf000-0xde2a2fff] page 4k
Mar 31 08:16:47 dUsTiN-XPS kernel: init_memory_mapping: [mem 0xdefff000-0xdeffffff]
Mar 31 08:16:47 dUsTiN-XPS kernel:  [mem 0xdefff000-0xdeffffff] page 4k
Mar 31 08:16:47 dUsTiN-XPS kernel: init_memory_mapping: [mem 0x100000000-0x2dfffffff]
Mar 31 08:16:47 dUsTiN-XPS kernel:  [mem 0x100000000-0x2dfffffff] page 1G
Mar 31 08:16:47 dUsTiN-XPS kernel: RAMDISK: [mem 0x36d1a000-0x37684fff]
Mar 31 08:16:47 dUsTiN-XPS kernel: ACPI: Early table checksum verification disabled
Mar 31 08:16:47 dUsTiN-XPS kernel: [1;39mACPI: RSDP 0x00000000DE3B3000 000024 (v02 DELL  )[0m
Mar 31 08:16:47 dUsTiN-XPS kernel: [1;39mACPI: XSDT 0x00000000DE3B3088 000094 (v01 DELL   FX09     20100118 AMI  00000097)[0m
Mar 31 08:16:47 dUsTiN-XPS kernel: [1;39mACPI: FACP 0x00000000DE3BEBA8 00010C (v05 DELL   FX09     20100118 AMI  00000097)[0m
Mar 31 08:16:47 dUsTiN-XPS kernel: [1;39mACPI: DSDT 0x00000000DE3B31B8 00B9EA (v02 DELL   FX09     00000000 INTL 20091112)[0m
Mar 31 08:16:47 dUsTiN-XPS kernel: [1;39mACPI: FACS 0x00000000DE9CF080 000040[0m
Mar 31 08:16:47 dUsTiN-XPS kernel: [1;39mACPI: APIC 0x00000000DE3BECB8 000092 (v03 DELL   FX09     20100118 AMI  00000097)[0m
Mar 31 08:16:47 dUsTiN-XPS kernel: [1;39mACPI: FPDT 0x00000000DE3BED50 000044 (v01 DELL   FX09     20100118 AMI  00000097)[0m
Mar 31 08:16:47 dUsTiN-XPS kernel: [1;39mACPI: ASF! 0x00000000DE3BED98 0000A5 (v32 INTEL   HCG     00000001 TFSM 000F4240)[0m
Mar 31 08:16:47 dUsTiN-XPS kernel: [1;39mACPI: SLIC 0x00000000DE3BEE40 000176 (v01 DELL   FX09     20100118 MSFT 00000097)[0m
Mar 31 08:16:47 dUsTiN-XPS kernel: [1;39mACPI: SSDT 0x00000000DE3BEFB8 000539 (v01 PmRef  Cpu0Ist  00003000 INTL 20051117)[0m
Mar 31 08:16:47 dUsTiN-XPS kernel: [1;39mACPI: SSDT 0x00000000DE3BF4F8 000AD8 (v01 PmRef  CpuPm    00003000 INTL 20051117)[0m
Mar 31 08:16:47 dUsTiN-XPS kernel: [1;39mACPI: MCFG 0x00000000DE3BFFD0 00003C (v01 DELL   FX09     20100118 MSFT 00000097)[0m
Mar 31 08:16:47 dUsTiN-XPS kernel: [1;39mACPI: HPET 0x00000000DE3C0010 000038 (v01 DELL   FX09     20100118 AMI. 00000005)[0m
Mar 31 08:16:47 dUsTiN-XPS kernel: [1;39mACPI: SSDT 0x00000000DE3C0048 00036D (v01 SataRe SataTabl 00001000 INTL 20091112)[0m
Mar 31 08:16:47 dUsTiN-XPS kernel: [1;39mACPI: SSDT 0x00000000DE3C03B8 0032DD (v01 SaSsdt SaSsdt   00003000 INTL 20091112)[0m
Mar 31 08:16:47 dUsTiN-XPS kernel: [1;39mACPI: MSDM 0x00000000DE3C3698 000055 (v03 DELL   FX09     20100118 AMI  00000097)[0m
Mar 31 08:16:47 dUsTiN-XPS kernel: [1;39mACPI: DMAR 0x00000000DE3C36F0 000080 (v01 INTEL  HSW      00000001 INTL 00000001)[0m
Mar 31 08:16:47 dUsTiN-XPS kernel: [1;39mACPI: BGRT 0x00000000DE3C3770 000038 (v00 DELL   FX09     20100118 AMI  00000097)[0m
Mar 31 08:16:47 dUsTiN-XPS kernel: ACPI: Local APIC address 0xfee00000
Mar 31 08:16:47 dUsTiN-XPS kernel: No NUMA configuration found
Mar 31 08:16:47 dUsTiN-XPS kernel: Faking a node at [mem 0x0000000000000000-0x000000031effffff]
Mar 31 08:16:47 dUsTiN-XPS kernel: NODE_DATA(0) allocated [mem 0x31eff6000-0x31eff9fff]
Mar 31 08:16:47 dUsTiN-XPS kernel:  [ffffea0000000000-ffffea000c7fffff] PMD -> [ffff880312600000-ffff88031e5fffff] on node 0
Mar 31 08:16:47 dUsTiN-XPS kernel: Zone ranges:
Mar 31 08:16:47 dUsTiN-XPS kernel:   DMA      [mem 0x00001000-0x00ffffff]
Mar 31 08:16:47 dUsTiN-XPS kernel:   DMA32    [mem 0x01000000-0xffffffff]
Mar 31 08:16:47 dUsTiN-XPS kernel:   Normal   [mem 0x100000000-0x31effffff]
Mar 31 08:16:47 dUsTiN-XPS kernel: Movable zone start for each node
Mar 31 08:16:47 dUsTiN-XPS kernel: Early memory node ranges
Mar 31 08:16:47 dUsTiN-XPS kernel:   node   0: [mem 0x00001000-0x00057fff]
Mar 31 08:16:47 dUsTiN-XPS kernel:   node   0: [mem 0x00059000-0x0009efff]
Mar 31 08:16:47 dUsTiN-XPS kernel:   node   0: [mem 0x00100000-0xcd2cafff]
Mar 31 08:16:47 dUsTiN-XPS kernel:   node   0: [mem 0xcd2d2000-0xcdb21fff]
Mar 31 08:16:47 dUsTiN-XPS kernel:   node   0: [mem 0xcdd9f000-0xddeb6fff]
Mar 31 08:16:47 dUsTiN-XPS kernel:   node   0: [mem 0xde0bf000-0xde2a2fff]
Mar 31 08:16:47 dUsTiN-XPS kernel:   node   0: [mem 0xdefff000-0xdeffffff]
Mar 31 08:16:47 dUsTiN-XPS kernel:   node   0: [mem 0x100000000-0x31effffff]
Mar 31 08:16:47 dUsTiN-XPS kernel: Initmem setup node 0 [mem 0x00001000-0x31effffff]
Mar 31 08:16:47 dUsTiN-XPS kernel: On node 0 totalpages: 3132853
Mar 31 08:16:47 dUsTiN-XPS kernel:   DMA zone: 64 pages used for memmap
Mar 31 08:16:47 dUsTiN-XPS kernel:   DMA zone: 26 pages reserved
Mar 31 08:16:47 dUsTiN-XPS kernel:   DMA zone: 3997 pages, LIFO batch:0
Mar 31 08:16:47 dUsTiN-XPS kernel:   DMA32 zone: 14137 pages used for memmap
Mar 31 08:16:47 dUsTiN-XPS kernel:   DMA32 zone: 904728 pages, LIFO batch:31
Mar 31 08:16:47 dUsTiN-XPS kernel:   Normal zone: 34752 pages used for memmap
Mar 31 08:16:47 dUsTiN-XPS kernel:   Normal zone: 2224128 pages, LIFO batch:31
Mar 31 08:16:47 dUsTiN-XPS kernel: ACPI: PM-Timer IO Port: 0x1808
Mar 31 08:16:47 dUsTiN-XPS kernel: ACPI: Local APIC address 0xfee00000
Mar 31 08:16:47 dUsTiN-XPS kernel: ACPI: LAPIC (acpi_id[0x01] lapic_id[0x00] enabled)
Mar 31 08:16:47 dUsTiN-XPS kernel: ACPI: LAPIC (acpi_id[0x02] lapic_id[0x02] enabled)
Mar 31 08:16:47 dUsTiN-XPS kernel: ACPI: LAPIC (acpi_id[0x03] lapic_id[0x04] enabled)
Mar 31 08:16:47 dUsTiN-XPS kernel: ACPI: LAPIC (acpi_id[0x04] lapic_id[0x06] enabled)
Mar 31 08:16:47 dUsTiN-XPS kernel: ACPI: LAPIC (acpi_id[0x05] lapic_id[0x01] enabled)
Mar 31 08:16:47 dUsTiN-XPS kernel: ACPI: LAPIC (acpi_id[0x06] lapic_id[0x03] enabled)
Mar 31 08:16:47 dUsTiN-XPS kernel: ACPI: LAPIC (acpi_id[0x07] lapic_id[0x05] enabled)
Mar 31 08:16:47 dUsTiN-XPS kernel: ACPI: LAPIC (acpi_id[0x08] lapic_id[0x07] enabled)
Mar 31 08:16:47 dUsTiN-XPS kernel: ACPI: LAPIC_NMI (acpi_id[0xff] high edge lint[0x1])
Mar 31 08:16:47 dUsTiN-XPS kernel: ACPI: IOAPIC (id[0x02] address[0xfec00000] gsi_base[0])
Mar 31 08:16:47 dUsTiN-XPS kernel: IOAPIC[0]: apic_id 2, version 32, address 0xfec00000, GSI 0-23
Mar 31 08:16:47 dUsTiN-XPS kernel: ACPI: INT_SRC_OVR (bus 0 bus_irq 0 global_irq 2 dfl dfl)
Mar 31 08:16:47 dUsTiN-XPS kernel: ACPI: INT_SRC_OVR (bus 0 bus_irq 9 global_irq 9 high level)
Mar 31 08:16:47 dUsTiN-XPS kernel: ACPI: IRQ0 used by override.
Mar 31 08:16:47 dUsTiN-XPS kernel: ACPI: IRQ9 used by override.
Mar 31 08:16:47 dUsTiN-XPS kernel: Using ACPI (MADT) for SMP configuration information
Mar 31 08:16:47 dUsTiN-XPS kernel: ACPI: HPET id: 0x8086a701 base: 0xfed00000
Mar 31 08:16:47 dUsTiN-XPS kernel: smpboot: Allowing 8 CPUs, 0 hotplug CPUs
Mar 31 08:16:47 dUsTiN-XPS kernel: PM: Registered nosave memory: [mem 0x00000000-0x00000fff]
Mar 31 08:16:47 dUsTiN-XPS kernel: PM: Registered nosave memory: [mem 0x00058000-0x00058fff]
Mar 31 08:16:47 dUsTiN-XPS kernel: PM: Registered nosave memory: [mem 0x0009f000-0x0009ffff]
Mar 31 08:16:47 dUsTiN-XPS kernel: PM: Registered nosave memory: [mem 0x000a0000-0x000fffff]
Mar 31 08:16:47 dUsTiN-XPS kernel: PM: Registered nosave memory: [mem 0xcd2cb000-0xcd2d1fff]
Mar 31 08:16:47 dUsTiN-XPS kernel: PM: Registered nosave memory: [mem 0xcdb22000-0xcdd9efff]
Mar 31 08:16:47 dUsTiN-XPS kernel: PM: Registered nosave memory: [mem 0xddeb7000-0xde0befff]
Mar 31 08:16:47 dUsTiN-XPS kernel: PM: Registered nosave memory: [mem 0xde2a3000-0xde9d0fff]
Mar 31 08:16:47 dUsTiN-XPS kernel: PM: Registered nosave memory: [mem 0xde9d1000-0xdef76fff]
Mar 31 08:16:47 dUsTiN-XPS kernel: PM: Registered nosave memory: [mem 0xdef77000-0xdeffefff]
Mar 31 08:16:47 dUsTiN-XPS kernel: PM: Registered nosave memory: [mem 0xdf000000-0xf7ffffff]
Mar 31 08:16:47 dUsTiN-XPS kernel: PM: Registered nosave memory: [mem 0xf8000000-0xfbffffff]
Mar 31 08:16:47 dUsTiN-XPS kernel: PM: Registered nosave memory: [mem 0xfc000000-0xfebfffff]
Mar 31 08:16:47 dUsTiN-XPS kernel: PM: Registered nosave memory: [mem 0xfec00000-0xfec00fff]
Mar 31 08:16:47 dUsTiN-XPS kernel: PM: Registered nosave memory: [mem 0xfec01000-0xfecfffff]
Mar 31 08:16:47 dUsTiN-XPS kernel: PM: Registered nosave memory: [mem 0xfed00000-0xfed03fff]
Mar 31 08:16:47 dUsTiN-XPS kernel: PM: Registered nosave memory: [mem 0xfed04000-0xfed1bfff]
Mar 31 08:16:47 dUsTiN-XPS kernel: PM: Registered nosave memory: [mem 0xfed1c000-0xfed1ffff]
Mar 31 08:16:47 dUsTiN-XPS kernel: PM: Registered nosave memory: [mem 0xfed20000-0xfedfffff]
Mar 31 08:16:47 dUsTiN-XPS kernel: PM: Registered nosave memory: [mem 0xfee00000-0xfee00fff]
Mar 31 08:16:47 dUsTiN-XPS kernel: PM: Registered nosave memory: [mem 0xfee01000-0xfeffffff]
Mar 31 08:16:47 dUsTiN-XPS kernel: PM: Registered nosave memory: [mem 0xff000000-0xffffffff]
Mar 31 08:16:47 dUsTiN-XPS kernel: e820: [mem 0xdf000000-0xf7ffffff] available for PCI devices
Mar 31 08:16:47 dUsTiN-XPS kernel: Booting paravirtualized kernel on bare hardware
Mar 31 08:16:47 dUsTiN-XPS kernel: setup_percpu: NR_CPUS:128 nr_cpumask_bits:128 nr_cpu_ids:8 nr_node_ids:1
Mar 31 08:16:47 dUsTiN-XPS kernel: PERCPU: Embedded 31 pages/cpu @ffff88031ec00000 s86336 r8192 d32448 u262144
Mar 31 08:16:47 dUsTiN-XPS kernel: pcpu-alloc: s86336 r8192 d32448 u262144 alloc=1*2097152
Mar 31 08:16:47 dUsTiN-XPS kernel: pcpu-alloc: [0] 0 1 2 3 4 5 6 7 
Mar 31 08:16:47 dUsTiN-XPS kernel: Built 1 zonelists in Node order, mobility grouping on.  Total pages: 3083874
Mar 31 08:16:47 dUsTiN-XPS kernel: Policy zone: Normal
Mar 31 08:16:47 dUsTiN-XPS kernel: [1;39mKernel command line: BOOT_IMAGE=/vmlinuz-linux root=UUID=e52729e9-7916-4299-9c97-d08b1b96c1bd rw resume=UUID=6a258178-2379-4fdb-94b4-1e72b0590cc6 quiet splash[0m
Mar 31 08:16:47 dUsTiN-XPS kernel: PID hash table entries: 4096 (order: 3, 32768 bytes)
Mar 31 08:16:47 dUsTiN-XPS kernel: xsave: enabled xstate_bv 0x7, cntxt size 0x340 using standard form
Mar 31 08:16:47 dUsTiN-XPS kernel: AGP: Checking aperture...
Mar 31 08:16:47 dUsTiN-XPS kernel: AGP: No AGP bridge found
Mar 31 08:16:47 dUsTiN-XPS kernel: Calgary: detecting Calgary via BIOS EBDA area
Mar 31 08:16:47 dUsTiN-XPS kernel: Calgary: Unable to locate Rio Grande table in EBDA - bailing!
Mar 31 08:16:47 dUsTiN-XPS kernel: Memory: 12040056K/12531412K available (5533K kernel code, 917K rwdata, 1744K rodata, 1164K init, 1156K bss, 491356K reserved, 0K cma-reserved)
Mar 31 08:16:47 dUsTiN-XPS kernel: SLUB: HWalign=64, Order=0-3, MinObjects=0, CPUs=8, Nodes=1
Mar 31 08:16:47 dUsTiN-XPS kernel: Preemptible hierarchical RCU implementation.
Mar 31 08:16:47 dUsTiN-XPS kernel:         RCU dyntick-idle grace-period acceleration is enabled.
Mar 31 08:16:47 dUsTiN-XPS kernel:         RCU restricting CPUs from NR_CPUS=128 to nr_cpu_ids=8.
Mar 31 08:16:47 dUsTiN-XPS kernel: RCU: Adjusting geometry for rcu_fanout_leaf=16, nr_cpu_ids=8
Mar 31 08:16:47 dUsTiN-XPS kernel: NR_IRQS:8448 nr_irqs:488 16
Mar 31 08:16:47 dUsTiN-XPS kernel: Console: colour dummy device 80x25
Mar 31 08:16:47 dUsTiN-XPS kernel: console [tty0] enabled
Mar 31 08:16:47 dUsTiN-XPS kernel: hpet clockevent registered
Mar 31 08:16:47 dUsTiN-XPS kernel: tsc: Fast TSC calibration using PIT
Mar 31 08:16:47 dUsTiN-XPS kernel: tsc: Detected 3591.763 MHz processor
Mar 31 08:16:47 dUsTiN-XPS kernel: Calibrating delay loop (skipped), value calculated using timer frequency.. 7186.83 BogoMIPS (lpj=11972543)
Mar 31 08:16:47 dUsTiN-XPS kernel: pid_max: default: 32768 minimum: 301
Mar 31 08:16:47 dUsTiN-XPS kernel: ACPI: Core revision 20141107
Mar 31 08:16:47 dUsTiN-XPS kernel: [1;39mACPI: All ACPI Tables successfully acquired[0m
Mar 31 08:16:47 dUsTiN-XPS kernel: Security Framework initialized
Mar 31 08:16:47 dUsTiN-XPS kernel: Yama: becoming mindful.
Mar 31 08:16:47 dUsTiN-XPS kernel: Dentry cache hash table entries: 2097152 (order: 12, 16777216 bytes)
Mar 31 08:16:47 dUsTiN-XPS kernel: Inode-cache hash table entries: 1048576 (order: 11, 8388608 bytes)
Mar 31 08:16:47 dUsTiN-XPS kernel: Mount-cache hash table entries: 32768 (order: 6, 262144 bytes)
Mar 31 08:16:47 dUsTiN-XPS kernel: Mountpoint-cache hash table entries: 32768 (order: 6, 262144 bytes)
Mar 31 08:16:47 dUsTiN-XPS kernel: Initializing cgroup subsys memory
Mar 31 08:16:47 dUsTiN-XPS kernel: Initializing cgroup subsys devices
Mar 31 08:16:47 dUsTiN-XPS kernel: Initializing cgroup subsys freezer
Mar 31 08:16:47 dUsTiN-XPS kernel: Initializing cgroup subsys net_cls
Mar 31 08:16:47 dUsTiN-XPS kernel: Initializing cgroup subsys blkio
Mar 31 08:16:47 dUsTiN-XPS kernel: CPU: Physical Processor ID: 0
Mar 31 08:16:47 dUsTiN-XPS kernel: CPU: Processor Core ID: 0
Mar 31 08:16:47 dUsTiN-XPS kernel: [1;39mENERGY_PERF_BIAS: Set to 'normal', was 'performance'[0m
                                   [1;39mENERGY_PERF_BIAS: View and update with x86_energy_perf_policy(8)[0m
Mar 31 08:16:47 dUsTiN-XPS kernel: mce: CPU supports 9 MCE banks
Mar 31 08:16:47 dUsTiN-XPS kernel: CPU0: Thermal monitoring enabled (TM1)
Mar 31 08:16:47 dUsTiN-XPS kernel: Last level iTLB entries: 4KB 1024, 2MB 1024, 4MB 1024
                                   Last level dTLB entries: 4KB 1024, 2MB 1024, 4MB 1024, 1GB 4
Mar 31 08:16:47 dUsTiN-XPS kernel: Freeing SMP alternatives memory: 20K (ffffffff81a0a000 - ffffffff81a0f000)
Mar 31 08:16:47 dUsTiN-XPS kernel: [1;31mIgnoring BGRT: invalid status 0 (expected 1)[0m
Mar 31 08:16:47 dUsTiN-XPS kernel: ftrace: allocating 21170 entries in 83 pages
Mar 31 08:16:47 dUsTiN-XPS kernel: dmar: Host address width 39
Mar 31 08:16:47 dUsTiN-XPS kernel: dmar: DRHD base: 0x000000fed90000 flags: 0x1
Mar 31 08:16:47 dUsTiN-XPS kernel: dmar: IOMMU 0: reg_base_addr fed90000 ver 1:0 cap d2008c20660462 ecap f010da
Mar 31 08:16:47 dUsTiN-XPS kernel: dmar: RMRR base: 0x000000dee99000 end: 0x000000deea7fff
Mar 31 08:16:47 dUsTiN-XPS kernel: IOAPIC id 2 under DRHD base  0xfed90000 IOMMU 0
Mar 31 08:16:47 dUsTiN-XPS kernel: HPET id 0 under DRHD base 0xfed90000
Mar 31 08:16:47 dUsTiN-XPS kernel: Queued invalidation will be enabled to support x2apic and Intr-remapping.
Mar 31 08:16:47 dUsTiN-XPS kernel: Enabled IRQ remapping in x2apic mode
Mar 31 08:16:47 dUsTiN-XPS kernel: Enabling x2apic
Mar 31 08:16:47 dUsTiN-XPS kernel: Enabled x2apic
Mar 31 08:16:47 dUsTiN-XPS kernel: Switched APIC routing to cluster x2apic.
Mar 31 08:16:47 dUsTiN-XPS kernel: ..TIMER: vector=0x30 apic1=0 pin1=2 apic2=-1 pin2=-1
Mar 31 08:16:47 dUsTiN-XPS kernel: smpboot: CPU0: Intel(R) Core(TM) i7-4790 CPU @ 3.60GHz (fam: 06, model: 3c, stepping: 03)
Mar 31 08:16:47 dUsTiN-XPS kernel: TSC deadline timer enabled
Mar 31 08:16:47 dUsTiN-XPS kernel: Performance Events: PEBS fmt2+, 16-deep LBR, Haswell events, full-width counters, Intel PMU driver.
Mar 31 08:16:47 dUsTiN-XPS kernel: ... version:                3
Mar 31 08:16:47 dUsTiN-XPS kernel: ... bit width:              48
Mar 31 08:16:47 dUsTiN-XPS kernel: ... generic registers:      4
Mar 31 08:16:47 dUsTiN-XPS kernel: ... value mask:             0000ffffffffffff
Mar 31 08:16:47 dUsTiN-XPS kernel: ... max period:             0000ffffffffffff
Mar 31 08:16:47 dUsTiN-XPS kernel: ... fixed-purpose events:   3
Mar 31 08:16:47 dUsTiN-XPS kernel: ... event mask:             000000070000000f
Mar 31 08:16:47 dUsTiN-XPS kernel: x86: Booting SMP configuration:
Mar 31 08:16:47 dUsTiN-XPS kernel: .... node  #0, CPUs:      #1
Mar 31 08:16:47 dUsTiN-XPS kernel: CPU1 microcode updated early to revision 0x1c, date = 2014-07-03
Mar 31 08:16:47 dUsTiN-XPS kernel: NMI watchdog: enabled on all CPUs, permanently consumes one hw-PMU counter.
Mar 31 08:16:47 dUsTiN-XPS kernel: [1;39m #2[0m
Mar 31 08:16:47 dUsTiN-XPS kernel: CPU2 microcode updated early to revision 0x1c, date = 2014-07-03
Mar 31 08:16:47 dUsTiN-XPS kernel: [1;39m #3[0m
Mar 31 08:16:47 dUsTiN-XPS kernel: CPU3 microcode updated early to revision 0x1c, date = 2014-07-03
Mar 31 08:16:47 dUsTiN-XPS kernel: [1;39m #4 #5 #6 #7[0m
Mar 31 08:16:47 dUsTiN-XPS kernel: x86: Booted up 1 node, 8 CPUs
Mar 31 08:16:47 dUsTiN-XPS kernel: smpboot: Total of 8 processors activated (57491.71 BogoMIPS)
Mar 31 08:16:47 dUsTiN-XPS kernel: devtmpfs: initialized
Mar 31 08:16:47 dUsTiN-XPS kernel: PM: Registering ACPI NVS region [mem 0xcd2cb000-0xcd2d1fff] (28672 bytes)
Mar 31 08:16:47 dUsTiN-XPS kernel: PM: Registering ACPI NVS region [mem 0xde2a3000-0xde9d0fff] (7528448 bytes)
Mar 31 08:16:47 dUsTiN-XPS kernel: pinctrl core: initialized pinctrl subsystem
Mar 31 08:16:47 dUsTiN-XPS kernel: RTC time: 13:16:45, date: 03/31/15
Mar 31 08:16:47 dUsTiN-XPS kernel: NET: Registered protocol family 16
Mar 31 08:16:47 dUsTiN-XPS kernel: cpuidle: using governor ladder
Mar 31 08:16:47 dUsTiN-XPS kernel: cpuidle: using governor menu
Mar 31 08:16:47 dUsTiN-XPS kernel: ACPI FADT declares the system doesn't support PCIe ASPM, so disable it
Mar 31 08:16:47 dUsTiN-XPS kernel: ACPI: bus type PCI registered
Mar 31 08:16:47 dUsTiN-XPS kernel: acpiphp: ACPI Hot Plug PCI Controller Driver version: 0.5
Mar 31 08:16:47 dUsTiN-XPS kernel: PCI: MMCONFIG for domain 0000 [bus 00-3f] at [mem 0xf8000000-0xfbffffff] (base 0xf8000000)
Mar 31 08:16:47 dUsTiN-XPS kernel: PCI: MMCONFIG at [mem 0xf8000000-0xfbffffff] reserved in E820
Mar 31 08:16:47 dUsTiN-XPS kernel: PCI: Using configuration type 1 for base access
Mar 31 08:16:47 dUsTiN-XPS kernel: ACPI: Added _OSI(Module Device)
Mar 31 08:16:47 dUsTiN-XPS kernel: ACPI: Added _OSI(Processor Device)
Mar 31 08:16:47 dUsTiN-XPS kernel: ACPI: Added _OSI(3.0 _SCP Extensions)
Mar 31 08:16:47 dUsTiN-XPS kernel: ACPI: Added _OSI(Processor Aggregator Device)
Mar 31 08:16:47 dUsTiN-XPS kernel: [1;39mACPI: Executed 1 blocks of module-level executable AML code[0m
Mar 31 08:16:47 dUsTiN-XPS kernel: [1;39m[Firmware Bug]: ACPI: BIOS _OSI(Linux) query ignored[0m
Mar 31 08:16:47 dUsTiN-XPS kernel: [1;39mACPI: Dynamic OEM Table Load:[0m
Mar 31 08:16:47 dUsTiN-XPS kernel: [1;39mACPI: SSDT 0xFFFF8803103EA800 0003D3 (v01 PmRef  Cpu0Cst  00003001 INTL 20051117)[0m
Mar 31 08:16:47 dUsTiN-XPS kernel: [1;39mACPI: Dynamic OEM Table Load:[0m
Mar 31 08:16:47 dUsTiN-XPS kernel: [1;39mACPI: SSDT 0xFFFF8803103BA000 0005AA (v01 PmRef  ApIst    00003000 INTL 20051117)[0m
Mar 31 08:16:47 dUsTiN-XPS kernel: [1;39mACPI: Dynamic OEM Table Load:[0m
Mar 31 08:16:47 dUsTiN-XPS kernel: [1;39mACPI: SSDT 0xFFFF88030FC0DE00 000119 (v01 PmRef  ApCst    00003000 INTL 20051117)[0m
Mar 31 08:16:47 dUsTiN-XPS kernel: ACPI: Interpreter enabled
Mar 31 08:16:47 dUsTiN-XPS kernel: [1;39mACPI Exception: AE_NOT_FOUND, While evaluating Sleep State [\_S1_] (20141107/hwxface-580)[0m
Mar 31 08:16:47 dUsTiN-XPS kernel: [1;39mACPI Exception: AE_NOT_FOUND, While evaluating Sleep State [\_S2_] (20141107/hwxface-580)[0m
Mar 31 08:16:47 dUsTiN-XPS kernel: ACPI: (supports S0 S3 S4 S5)
Mar 31 08:16:47 dUsTiN-XPS kernel: ACPI: Using IOAPIC for interrupt routing
Mar 31 08:16:47 dUsTiN-XPS kernel: PCI: Using host bridge windows from ACPI; if necessary, use "pci=nocrs" and report a bug
Mar 31 08:16:47 dUsTiN-XPS kernel: ACPI: Power Resource [FN00] (off)
Mar 31 08:16:47 dUsTiN-XPS kernel: ACPI: Power Resource [FN01] (off)
Mar 31 08:16:47 dUsTiN-XPS kernel: ACPI: Power Resource [FN02] (off)
Mar 31 08:16:47 dUsTiN-XPS kernel: ACPI: Power Resource [FN03] (off)
Mar 31 08:16:47 dUsTiN-XPS kernel: ACPI: Power Resource [FN04] (off)
Mar 31 08:16:47 dUsTiN-XPS kernel: ACPI: PCI Root Bridge [PCI0] (domain 0000 [bus 00-3e])
Mar 31 08:16:47 dUsTiN-XPS kernel: acpi PNP0A08:00: _OSC: OS supports [ExtendedConfig ASPM ClockPM Segments MSI]
Mar 31 08:16:47 dUsTiN-XPS kernel: acpi PNP0A08:00: _OSC: platform does not support [PCIeHotplug PME]
Mar 31 08:16:47 dUsTiN-XPS kernel: acpi PNP0A08:00: _OSC: OS now controls [AER PCIeCapability]
Mar 31 08:16:47 dUsTiN-XPS kernel: PCI host bridge to bus 0000:00
Mar 31 08:16:47 dUsTiN-XPS kernel: pci_bus 0000:00: root bus resource [bus 00-3e]
Mar 31 08:16:47 dUsTiN-XPS kernel: pci_bus 0000:00: root bus resource [io  0x0000-0x0cf7]
Mar 31 08:16:47 dUsTiN-XPS kernel: pci_bus 0000:00: root bus resource [io  0x0d00-0xffff]
Mar 31 08:16:47 dUsTiN-XPS kernel: pci_bus 0000:00: root bus resource [mem 0x000a0000-0x000bffff]
Mar 31 08:16:47 dUsTiN-XPS kernel: pci_bus 0000:00: root bus resource [mem 0x000d0000-0x000d3fff]
Mar 31 08:16:47 dUsTiN-XPS kernel: pci_bus 0000:00: root bus resource [mem 0x000d4000-0x000d7fff]
Mar 31 08:16:47 dUsTiN-XPS kernel: pci_bus 0000:00: root bus resource [mem 0x000d8000-0x000dbfff]
Mar 31 08:16:47 dUsTiN-XPS kernel: pci_bus 0000:00: root bus resource [mem 0x000dc000-0x000dffff]
Mar 31 08:16:47 dUsTiN-XPS kernel: pci_bus 0000:00: root bus resource [mem 0xe0000000-0xfeafffff]
Mar 31 08:16:47 dUsTiN-XPS kernel: pci 0000:00:00.0: [8086:0c00] type 00 class 0x060000
Mar 31 08:16:47 dUsTiN-XPS kernel: pci 0000:00:01.0: [8086:0c01] type 01 class 0x060400
Mar 31 08:16:47 dUsTiN-XPS kernel: pci 0000:00:01.0: PME# supported from D0 D3hot D3cold
Mar 31 08:16:47 dUsTiN-XPS kernel: pci 0000:00:01.0: System wakeup disabled by ACPI
Mar 31 08:16:47 dUsTiN-XPS kernel: pci 0000:00:14.0: [8086:8c31] type 00 class 0x0c0330
Mar 31 08:16:47 dUsTiN-XPS kernel: pci 0000:00:14.0: reg 0x10: [mem 0xf7300000-0xf730ffff 64bit]
Mar 31 08:16:47 dUsTiN-XPS kernel: pci 0000:00:14.0: PME# supported from D3hot D3cold
Mar 31 08:16:47 dUsTiN-XPS kernel: pci 0000:00:14.0: System wakeup disabled by ACPI
Mar 31 08:16:47 dUsTiN-XPS kernel: pci 0000:00:16.0: [8086:8c3a] type 00 class 0x078000
Mar 31 08:16:47 dUsTiN-XPS kernel: pci 0000:00:16.0: reg 0x10: [mem 0xf731a000-0xf731a00f 64bit]
Mar 31 08:16:47 dUsTiN-XPS kernel: pci 0000:00:16.0: PME# supported from D0 D3hot D3cold
Mar 31 08:16:47 dUsTiN-XPS kernel: pci 0000:00:1a.0: [8086:8c2d] type 00 class 0x0c0320
Mar 31 08:16:47 dUsTiN-XPS kernel: pci 0000:00:1a.0: reg 0x10: [mem 0xf7318000-0xf73183ff]
Mar 31 08:16:47 dUsTiN-XPS kernel: pci 0000:00:1a.0: PME# supported from D0 D3hot D3cold
Mar 31 08:16:47 dUsTiN-XPS kernel: pci 0000:00:1a.0: System wakeup disabled by ACPI
Mar 31 08:16:47 dUsTiN-XPS kernel: pci 0000:00:1b.0: [8086:8c20] type 00 class 0x040300
Mar 31 08:16:47 dUsTiN-XPS kernel: pci 0000:00:1b.0: reg 0x10: [mem 0xf7310000-0xf7313fff 64bit]
Mar 31 08:16:47 dUsTiN-XPS kernel: pci 0000:00:1b.0: PME# supported from D0 D3hot D3cold
Mar 31 08:16:47 dUsTiN-XPS kernel: pci 0000:00:1b.0: System wakeup disabled by ACPI
Mar 31 08:16:47 dUsTiN-XPS kernel: pci 0000:00:1c.0: [8086:8c10] type 01 class 0x060400
Mar 31 08:16:47 dUsTiN-XPS kernel: pci 0000:00:1c.0: PME# supported from D0 D3hot D3cold
Mar 31 08:16:47 dUsTiN-XPS kernel: pci 0000:00:1c.0: System wakeup disabled by ACPI
Mar 31 08:16:47 dUsTiN-XPS kernel: pci 0000:00:1c.2: [8086:8c14] type 01 class 0x060400
Mar 31 08:16:47 dUsTiN-XPS kernel: pci 0000:00:1c.2: PME# supported from D0 D3hot D3cold
Mar 31 08:16:47 dUsTiN-XPS kernel: pci 0000:00:1c.2: System wakeup disabled by ACPI
Mar 31 08:16:47 dUsTiN-XPS kernel: pci 0000:00:1c.7: [8086:8c1e] type 01 class 0x060400
Mar 31 08:16:47 dUsTiN-XPS kernel: pci 0000:00:1c.7: PME# supported from D0 D3hot D3cold
Mar 31 08:16:47 dUsTiN-XPS kernel: pci 0000:00:1c.7: System wakeup disabled by ACPI
Mar 31 08:16:47 dUsTiN-XPS kernel: pci 0000:00:1d.0: [8086:8c26] type 00 class 0x0c0320
Mar 31 08:16:47 dUsTiN-XPS kernel: pci 0000:00:1d.0: reg 0x10: [mem 0xf7317000-0xf73173ff]
Mar 31 08:16:47 dUsTiN-XPS kernel: pci 0000:00:1d.0: PME# supported from D0 D3hot D3cold
Mar 31 08:16:47 dUsTiN-XPS kernel: pci 0000:00:1d.0: System wakeup disabled by ACPI
Mar 31 08:16:47 dUsTiN-XPS kernel: pci 0000:00:1f.0: [8086:8c44] type 00 class 0x060100
Mar 31 08:16:47 dUsTiN-XPS kernel: pci 0000:00:1f.2: [8086:8c02] type 00 class 0x010601
Mar 31 08:16:47 dUsTiN-XPS kernel: pci 0000:00:1f.2: reg 0x10: [io  0xf070-0xf077]
Mar 31 08:16:47 dUsTiN-XPS kernel: pci 0000:00:1f.2: reg 0x14: [io  0xf060-0xf063]
Mar 31 08:16:47 dUsTiN-XPS kernel: pci 0000:00:1f.2: reg 0x18: [io  0xf050-0xf057]
Mar 31 08:16:47 dUsTiN-XPS kernel: pci 0000:00:1f.2: reg 0x1c: [io  0xf040-0xf043]
Mar 31 08:16:47 dUsTiN-XPS kernel: pci 0000:00:1f.2: reg 0x20: [io  0xf020-0xf03f]
Mar 31 08:16:47 dUsTiN-XPS kernel: pci 0000:00:1f.2: reg 0x24: [mem 0xf7316000-0xf73167ff]
Mar 31 08:16:47 dUsTiN-XPS kernel: pci 0000:00:1f.2: PME# supported from D3hot
Mar 31 08:16:47 dUsTiN-XPS kernel: pci 0000:00:1f.3: [8086:8c22] type 00 class 0x0c0500
Mar 31 08:16:47 dUsTiN-XPS kernel: pci 0000:00:1f.3: reg 0x10: [mem 0xf7315000-0xf73150ff 64bit]
Mar 31 08:16:47 dUsTiN-XPS kernel: pci 0000:00:1f.3: reg 0x20: [io  0xf000-0xf01f]
Mar 31 08:16:47 dUsTiN-XPS kernel: pci 0000:01:00.0: [10de:11c4] type 00 class 0x030000
Mar 31 08:16:47 dUsTiN-XPS kernel: pci 0000:01:00.0: reg 0x10: [mem 0xf6000000-0xf6ffffff]
Mar 31 08:16:47 dUsTiN-XPS kernel: pci 0000:01:00.0: reg 0x14: [mem 0xe8000000-0xefffffff 64bit pref]
Mar 31 08:16:47 dUsTiN-XPS kernel: pci 0000:01:00.0: reg 0x1c: [mem 0xf0000000-0xf1ffffff 64bit pref]
Mar 31 08:16:47 dUsTiN-XPS kernel: pci 0000:01:00.0: reg 0x24: [io  0xe000-0xe07f]
Mar 31 08:16:47 dUsTiN-XPS kernel: pci 0000:01:00.0: reg 0x30: [mem 0xf7000000-0xf707ffff pref]
Mar 31 08:16:47 dUsTiN-XPS kernel: pci 0000:01:00.0: System wakeup disabled by ACPI
Mar 31 08:16:47 dUsTiN-XPS kernel: pci 0000:01:00.1: [10de:0e0b] type 00 class 0x040300
Mar 31 08:16:47 dUsTiN-XPS kernel: pci 0000:01:00.1: reg 0x10: [mem 0xf7080000-0xf7083fff]
Mar 31 08:16:47 dUsTiN-XPS kernel: pci 0000:00:01.0: PCI bridge to [bus 01]
Mar 31 08:16:47 dUsTiN-XPS kernel: pci 0000:00:01.0:   bridge window [io  0xe000-0xefff]
Mar 31 08:16:47 dUsTiN-XPS kernel: pci 0000:00:01.0:   bridge window [mem 0xf6000000-0xf70fffff]
Mar 31 08:16:47 dUsTiN-XPS kernel: pci 0000:00:01.0:   bridge window [mem 0xe8000000-0xf1ffffff 64bit pref]
Mar 31 08:16:47 dUsTiN-XPS kernel: acpiphp: Slot [1] registered
Mar 31 08:16:47 dUsTiN-XPS kernel: pci 0000:00:1c.0: PCI bridge to [bus 02]
Mar 31 08:16:47 dUsTiN-XPS kernel: pci 0000:03:00.0: [10ec:8168] type 00 class 0x020000
Mar 31 08:16:47 dUsTiN-XPS kernel: pci 0000:03:00.0: reg 0x10: [io  0xd000-0xd0ff]
Mar 31 08:16:47 dUsTiN-XPS kernel: pci 0000:03:00.0: reg 0x18: [mem 0xf7200000-0xf7200fff 64bit]
Mar 31 08:16:47 dUsTiN-XPS kernel: pci 0000:03:00.0: reg 0x20: [mem 0xf2100000-0xf2103fff 64bit pref]
Mar 31 08:16:47 dUsTiN-XPS kernel: pci 0000:03:00.0: supports D1 D2
Mar 31 08:16:47 dUsTiN-XPS kernel: pci 0000:03:00.0: PME# supported from D0 D1 D2 D3hot D3cold
Mar 31 08:16:47 dUsTiN-XPS kernel: pci 0000:03:00.0: System wakeup disabled by ACPI
Mar 31 08:16:47 dUsTiN-XPS kernel: pci 0000:00:1c.2: PCI bridge to [bus 03]
Mar 31 08:16:47 dUsTiN-XPS kernel: pci 0000:00:1c.2:   bridge window [io  0xd000-0xdfff]
Mar 31 08:16:47 dUsTiN-XPS kernel: pci 0000:00:1c.2:   bridge window [mem 0xf7200000-0xf72fffff]
Mar 31 08:16:47 dUsTiN-XPS kernel: pci 0000:00:1c.2:   bridge window [mem 0xf2100000-0xf21fffff 64bit pref]
Mar 31 08:16:47 dUsTiN-XPS kernel: pci 0000:04:00.0: [168c:0032] type 00 class 0x028000
Mar 31 08:16:47 dUsTiN-XPS kernel: pci 0000:04:00.0: reg 0x10: [mem 0xf7100000-0xf717ffff 64bit]
Mar 31 08:16:47 dUsTiN-XPS kernel: pci 0000:04:00.0: reg 0x30: [mem 0xf7180000-0xf718ffff pref]
Mar 31 08:16:47 dUsTiN-XPS kernel: pci 0000:04:00.0: supports D1 D2
Mar 31 08:16:47 dUsTiN-XPS kernel: pci 0000:04:00.0: PME# supported from D0 D1 D2 D3hot D3cold
Mar 31 08:16:47 dUsTiN-XPS kernel: pci 0000:04:00.0: System wakeup disabled by ACPI
Mar 31 08:16:47 dUsTiN-XPS kernel: pci 0000:00:1c.7: PCI bridge to [bus 04]
Mar 31 08:16:47 dUsTiN-XPS kernel: pci 0000:00:1c.7:   bridge window [mem 0xf7100000-0xf71fffff]
Mar 31 08:16:47 dUsTiN-XPS kernel: acpi PNP0A08:00: Disabling ASPM (FADT indicates it is unsupported)
Mar 31 08:16:47 dUsTiN-XPS kernel: ACPI: PCI Interrupt Link [LNKA] (IRQs 3 4 5 6 10 *11 12 14 15)
Mar 31 08:16:47 dUsTiN-XPS kernel: ACPI: PCI Interrupt Link [LNKB] (IRQs 3 4 5 6 *10 11 12 14 15)
Mar 31 08:16:47 dUsTiN-XPS kernel: ACPI: PCI Interrupt Link [LNKC] (IRQs 3 *4 5 6 10 11 12 14 15)
Mar 31 08:16:47 dUsTiN-XPS kernel: ACPI: PCI Interrupt Link [LNKD] (IRQs 3 4 *5 6 10 11 12 14 15)
Mar 31 08:16:47 dUsTiN-XPS kernel: ACPI: PCI Interrupt Link [LNKE] (IRQs 3 4 5 6 10 11 12 14 15) *0, disabled.
Mar 31 08:16:47 dUsTiN-XPS kernel: ACPI: PCI Interrupt Link [LNKF] (IRQs 3 4 5 6 10 11 12 14 15) *0, disabled.
Mar 31 08:16:47 dUsTiN-XPS kernel: ACPI: PCI Interrupt Link [LNKG] (IRQs *3 4 5 6 10 11 12 14 15)
Mar 31 08:16:47 dUsTiN-XPS kernel: ACPI: PCI Interrupt Link [LNKH] (IRQs 3 4 5 6 10 *11 12 14 15)
Mar 31 08:16:47 dUsTiN-XPS kernel: [1;39mACPI: Enabled 5 GPEs in block 00 to 3F[0m
Mar 31 08:16:47 dUsTiN-XPS kernel: vgaarb: setting as boot device: PCI:0000:01:00.0
Mar 31 08:16:47 dUsTiN-XPS kernel: vgaarb: device added: PCI:0000:01:00.0,decodes=io+mem,owns=io+mem,locks=none
Mar 31 08:16:47 dUsTiN-XPS kernel: vgaarb: loaded
Mar 31 08:16:47 dUsTiN-XPS kernel: vgaarb: bridge control possible 0000:01:00.0
Mar 31 08:16:47 dUsTiN-XPS kernel: PCI: Using ACPI for IRQ routing
Mar 31 08:16:47 dUsTiN-XPS kernel: PCI: pci_cache_line_size set to 64 bytes
Mar 31 08:16:47 dUsTiN-XPS kernel: e820: reserve RAM buffer [mem 0x00058000-0x0005ffff]
Mar 31 08:16:47 dUsTiN-XPS kernel: e820: reserve RAM buffer [mem 0x0009f000-0x0009ffff]
Mar 31 08:16:47 dUsTiN-XPS kernel: e820: reserve RAM buffer [mem 0xcd2cb000-0xcfffffff]
Mar 31 08:16:47 dUsTiN-XPS kernel: e820: reserve RAM buffer [mem 0xcdb22000-0xcfffffff]
Mar 31 08:16:47 dUsTiN-XPS kernel: e820: reserve RAM buffer [mem 0xddeb7000-0xdfffffff]
Mar 31 08:16:47 dUsTiN-XPS kernel: e820: reserve RAM buffer [mem 0xde2a3000-0xdfffffff]
Mar 31 08:16:47 dUsTiN-XPS kernel: e820: reserve RAM buffer [mem 0xdf000000-0xdfffffff]
Mar 31 08:16:47 dUsTiN-XPS kernel: e820: reserve RAM buffer [mem 0x31f000000-0x31fffffff]
Mar 31 08:16:47 dUsTiN-XPS kernel: NetLabel: Initializing
Mar 31 08:16:47 dUsTiN-XPS kernel: NetLabel:  domain hash size = 128
Mar 31 08:16:47 dUsTiN-XPS kernel: NetLabel:  protocols = UNLABELED CIPSOv4
Mar 31 08:16:47 dUsTiN-XPS kernel: NetLabel:  unlabeled traffic allowed by default
Mar 31 08:16:47 dUsTiN-XPS kernel: hpet0: at MMIO 0xfed00000, IRQs 2, 8, 0, 0, 0, 0, 0, 0
Mar 31 08:16:47 dUsTiN-XPS kernel: hpet0: 8 comparators, 64-bit 14.318180 MHz counter
Mar 31 08:16:47 dUsTiN-XPS kernel: Switched to clocksource hpet
Mar 31 08:16:47 dUsTiN-XPS kernel: pnp: PnP ACPI init
Mar 31 08:16:47 dUsTiN-XPS kernel: system 00:00: [mem 0xfed40000-0xfed44fff] has been reserved
Mar 31 08:16:47 dUsTiN-XPS kernel: system 00:00: Plug and Play ACPI device, IDs PNP0c01 (active)
Mar 31 08:16:47 dUsTiN-XPS kernel: system 00:01: [io  0x0680-0x069f] has been reserved
Mar 31 08:16:47 dUsTiN-XPS kernel: system 00:01: [io  0xffff] has been reserved
Mar 31 08:16:47 dUsTiN-XPS kernel: system 00:01: [io  0xffff] has been reserved
Mar 31 08:16:47 dUsTiN-XPS kernel: system 00:01: [io  0xffff] has been reserved
Mar 31 08:16:47 dUsTiN-XPS kernel: system 00:01: [io  0x1c00-0x1cfe] has been reserved
Mar 31 08:16:47 dUsTiN-XPS kernel: system 00:01: [io  0x1d00-0x1dfe] has been reserved
Mar 31 08:16:47 dUsTiN-XPS kernel: system 00:01: [io  0x1e00-0x1efe] has been reserved
Mar 31 08:16:47 dUsTiN-XPS kernel: system 00:01: [io  0x1f00-0x1ffe] has been reserved
Mar 31 08:16:47 dUsTiN-XPS kernel: system 00:01: [io  0x1800-0x18fe] could not be reserved
Mar 31 08:16:47 dUsTiN-XPS kernel: system 00:01: [io  0x164e-0x164f] has been reserved
Mar 31 08:16:47 dUsTiN-XPS kernel: system 00:01: Plug and Play ACPI device, IDs PNP0c02 (active)
Mar 31 08:16:47 dUsTiN-XPS kernel: pnp 00:02: Plug and Play ACPI device, IDs PNP0b00 (active)
Mar 31 08:16:47 dUsTiN-XPS kernel: system 00:03: [io  0x1854-0x1857] has been reserved
Mar 31 08:16:47 dUsTiN-XPS kernel: system 00:03: Plug and Play ACPI device, IDs INT3f0d PNP0c02 (active)
Mar 31 08:16:47 dUsTiN-XPS kernel: system 00:04: [io  0x0a00-0x0a1f] has been reserved
Mar 31 08:16:47 dUsTiN-XPS kernel: system 00:04: [io  0x0a20-0x0a2f] has been reserved
Mar 31 08:16:47 dUsTiN-XPS kernel: system 00:04: [io  0x0a30-0x0a3f] has been reserved
Mar 31 08:16:47 dUsTiN-XPS kernel: system 00:04: Plug and Play ACPI device, IDs PNP0c02 (active)
Mar 31 08:16:47 dUsTiN-XPS kernel: system 00:05: [io  0x04d0-0x04d1] has been reserved
Mar 31 08:16:47 dUsTiN-XPS kernel: system 00:05: Plug and Play ACPI device, IDs PNP0c02 (active)
Mar 31 08:16:47 dUsTiN-XPS kernel: system 00:06: [mem 0xfed1c000-0xfed1ffff] has been reserved
Mar 31 08:16:47 dUsTiN-XPS kernel: system 00:06: [mem 0xfed10000-0xfed17fff] has been reserved
Mar 31 08:16:47 dUsTiN-XPS kernel: system 00:06: [mem 0xfed18000-0xfed18fff] has been reserved
Mar 31 08:16:47 dUsTiN-XPS kernel: system 00:06: [mem 0xfed19000-0xfed19fff] has been reserved
Mar 31 08:16:47 dUsTiN-XPS kernel: system 00:06: [mem 0xf8000000-0xfbffffff] has been reserved
Mar 31 08:16:47 dUsTiN-XPS kernel: system 00:06: [mem 0xfed20000-0xfed3ffff] has been reserved
Mar 31 08:16:47 dUsTiN-XPS kernel: system 00:06: [mem 0xfed90000-0xfed93fff] could not be reserved
Mar 31 08:16:47 dUsTiN-XPS kernel: system 00:06: [mem 0xfed45000-0xfed8ffff] has been reserved
Mar 31 08:16:47 dUsTiN-XPS kernel: system 00:06: [mem 0xff000000-0xffffffff] has been reserved
Mar 31 08:16:47 dUsTiN-XPS kernel: system 00:06: [mem 0xfee00000-0xfeefffff] could not be reserved
Mar 31 08:16:47 dUsTiN-XPS kernel: system 00:06: [mem 0xf7fef000-0xf7feffff] has been reserved
Mar 31 08:16:47 dUsTiN-XPS kernel: system 00:06: [mem 0xf7ff0000-0xf7ff0fff] has been reserved
Mar 31 08:16:47 dUsTiN-XPS kernel: system 00:06: Plug and Play ACPI device, IDs PNP0c02 (active)
Mar 31 08:16:47 dUsTiN-XPS kernel: pnp: PnP ACPI: found 7 devices
Mar 31 08:16:47 dUsTiN-XPS kernel: pci 0000:00:01.0: PCI bridge to [bus 01]
Mar 31 08:16:47 dUsTiN-XPS kernel: pci 0000:00:01.0:   bridge window [io  0xe000-0xefff]
Mar 31 08:16:47 dUsTiN-XPS kernel: pci 0000:00:01.0:   bridge window [mem 0xf6000000-0xf70fffff]
Mar 31 08:16:47 dUsTiN-XPS kernel: pci 0000:00:01.0:   bridge window [mem 0xe8000000-0xf1ffffff 64bit pref]
Mar 31 08:16:47 dUsTiN-XPS kernel: pci 0000:00:1c.0: PCI bridge to [bus 02]
Mar 31 08:16:47 dUsTiN-XPS kernel: pci 0000:00:1c.2: PCI bridge to [bus 03]
Mar 31 08:16:47 dUsTiN-XPS kernel: pci 0000:00:1c.2:   bridge window [io  0xd000-0xdfff]
Mar 31 08:16:47 dUsTiN-XPS kernel: pci 0000:00:1c.2:   bridge window [mem 0xf7200000-0xf72fffff]
Mar 31 08:16:47 dUsTiN-XPS kernel: pci 0000:00:1c.2:   bridge window [mem 0xf2100000-0xf21fffff 64bit pref]
Mar 31 08:16:47 dUsTiN-XPS kernel: pci 0000:00:1c.7: PCI bridge to [bus 04]
Mar 31 08:16:47 dUsTiN-XPS kernel: pci 0000:00:1c.7:   bridge window [mem 0xf7100000-0xf71fffff]
Mar 31 08:16:47 dUsTiN-XPS kernel: pci_bus 0000:00: resource 4 [io  0x0000-0x0cf7]
Mar 31 08:16:47 dUsTiN-XPS kernel: pci_bus 0000:00: resource 5 [io  0x0d00-0xffff]
Mar 31 08:16:47 dUsTiN-XPS kernel: pci_bus 0000:00: resource 6 [mem 0x000a0000-0x000bffff]
Mar 31 08:16:47 dUsTiN-XPS kernel: pci_bus 0000:00: resource 7 [mem 0x000d0000-0x000d3fff]
Mar 31 08:16:47 dUsTiN-XPS kernel: pci_bus 0000:00: resource 8 [mem 0x000d4000-0x000d7fff]
Mar 31 08:16:47 dUsTiN-XPS kernel: pci_bus 0000:00: resource 9 [mem 0x000d8000-0x000dbfff]
Mar 31 08:16:47 dUsTiN-XPS kernel: pci_bus 0000:00: resource 10 [mem 0x000dc000-0x000dffff]
Mar 31 08:16:47 dUsTiN-XPS kernel: pci_bus 0000:00: resource 11 [mem 0xe0000000-0xfeafffff]
Mar 31 08:16:47 dUsTiN-XPS kernel: pci_bus 0000:01: resource 0 [io  0xe000-0xefff]
Mar 31 08:16:47 dUsTiN-XPS kernel: pci_bus 0000:01: resource 1 [mem 0xf6000000-0xf70fffff]
Mar 31 08:16:47 dUsTiN-XPS kernel: pci_bus 0000:01: resource 2 [mem 0xe8000000-0xf1ffffff 64bit pref]
Mar 31 08:16:47 dUsTiN-XPS kernel: pci_bus 0000:03: resource 0 [io  0xd000-0xdfff]
Mar 31 08:16:47 dUsTiN-XPS kernel: pci_bus 0000:03: resource 1 [mem 0xf7200000-0xf72fffff]
Mar 31 08:16:47 dUsTiN-XPS kernel: pci_bus 0000:03: resource 2 [mem 0xf2100000-0xf21fffff 64bit pref]
Mar 31 08:16:47 dUsTiN-XPS kernel: pci_bus 0000:04: resource 1 [mem 0xf7100000-0xf71fffff]
Mar 31 08:16:47 dUsTiN-XPS kernel: NET: Registered protocol family 2
Mar 31 08:16:47 dUsTiN-XPS kernel: TCP established hash table entries: 131072 (order: 8, 1048576 bytes)
Mar 31 08:16:47 dUsTiN-XPS kernel: TCP bind hash table entries: 65536 (order: 8, 1048576 bytes)
Mar 31 08:16:47 dUsTiN-XPS kernel: TCP: Hash tables configured (established 131072 bind 65536)
Mar 31 08:16:47 dUsTiN-XPS kernel: TCP: reno registered
Mar 31 08:16:47 dUsTiN-XPS kernel: UDP hash table entries: 8192 (order: 6, 262144 bytes)
Mar 31 08:16:47 dUsTiN-XPS kernel: UDP-Lite hash table entries: 8192 (order: 6, 262144 bytes)
Mar 31 08:16:47 dUsTiN-XPS kernel: NET: Registered protocol family 1
Mar 31 08:16:47 dUsTiN-XPS kernel: pci 0000:01:00.0: Video device with shadowed ROM
Mar 31 08:16:47 dUsTiN-XPS kernel: PCI: CLS 64 bytes, default 64
Mar 31 08:16:47 dUsTiN-XPS kernel: Unpacking initramfs...
Mar 31 08:16:47 dUsTiN-XPS kernel: Freeing initrd memory: 9644K (ffff880036d1a000 - ffff880037685000)
Mar 31 08:16:47 dUsTiN-XPS kernel: PCI-DMA: Using software bounce buffering for IO (SWIOTLB)
Mar 31 08:16:47 dUsTiN-XPS kernel: software IO TLB [mem 0xc92cb000-0xcd2cb000] (64MB) mapped at [ffff8800c92cb000-ffff8800cd2cafff]
Mar 31 08:16:47 dUsTiN-XPS kernel: RAPL PMU detected, hw unit 2^-14 Joules, API unit is 2^-32 Joules, 4 fixed counters 655360 ms ovfl timer
Mar 31 08:16:47 dUsTiN-XPS kernel: microcode: CPU0 sig=0x306c3, pf=0x2, revision=0x1c
Mar 31 08:16:47 dUsTiN-XPS kernel: microcode: CPU1 sig=0x306c3, pf=0x2, revision=0x1c
Mar 31 08:16:47 dUsTiN-XPS kernel: microcode: CPU2 sig=0x306c3, pf=0x2, revision=0x1c
Mar 31 08:16:47 dUsTiN-XPS kernel: microcode: CPU3 sig=0x306c3, pf=0x2, revision=0x1c
Mar 31 08:16:47 dUsTiN-XPS kernel: microcode: CPU4 sig=0x306c3, pf=0x2, revision=0x1c
Mar 31 08:16:47 dUsTiN-XPS kernel: microcode: CPU5 sig=0x306c3, pf=0x2, revision=0x1c
Mar 31 08:16:47 dUsTiN-XPS kernel: microcode: CPU6 sig=0x306c3, pf=0x2, revision=0x1c
Mar 31 08:16:47 dUsTiN-XPS kernel: microcode: CPU7 sig=0x306c3, pf=0x2, revision=0x1c
Mar 31 08:16:47 dUsTiN-XPS kernel: microcode: Microcode Update Driver: v2.00 <tigran@aivazian.fsnet.co.uk>, Peter Oruba
Mar 31 08:16:47 dUsTiN-XPS kernel: Scanning for low memory corruption every 60 seconds
Mar 31 08:16:47 dUsTiN-XPS kernel: futex hash table entries: 2048 (order: 5, 131072 bytes)
Mar 31 08:16:47 dUsTiN-XPS kernel: [1;39mInitialise system trusted keyring[0m
Mar 31 08:16:47 dUsTiN-XPS kernel: HugeTLB registered 2 MB page size, pre-allocated 0 pages
Mar 31 08:16:47 dUsTiN-XPS kernel: zpool: loaded
Mar 31 08:16:47 dUsTiN-XPS kernel: zbud: loaded
Mar 31 08:16:47 dUsTiN-XPS kernel: [1;39mVFS: Disk quotas dquot_6.5.2[0m
Mar 31 08:16:47 dUsTiN-XPS kernel: VFS: Dquot-cache hash table entries: 512 (order 0, 4096 bytes)
Mar 31 08:16:47 dUsTiN-XPS kernel: [1;39mKey type big_key registered[0m
Mar 31 08:16:47 dUsTiN-XPS kernel: Block layer SCSI generic (bsg) driver version 0.4 loaded (major 252)
Mar 31 08:16:47 dUsTiN-XPS kernel: io scheduler noop registered
Mar 31 08:16:47 dUsTiN-XPS kernel: io scheduler deadline registered
Mar 31 08:16:47 dUsTiN-XPS kernel: io scheduler cfq registered (default)
Mar 31 08:16:47 dUsTiN-XPS kernel: pci_hotplug: PCI Hot Plug PCI Core version: 0.5
Mar 31 08:16:47 dUsTiN-XPS kernel: pciehp: PCI Express Hot Plug Controller Driver version: 0.4
Mar 31 08:16:47 dUsTiN-XPS kernel: efifb: probing for efifb
Mar 31 08:16:47 dUsTiN-XPS kernel: efifb: framebuffer at 0xf1000000, mapped to 0xffffc90005c00000, using 3072k, total 3072k
Mar 31 08:16:47 dUsTiN-XPS kernel: efifb: mode is 1024x768x32, linelength=4096, pages=1
Mar 31 08:16:47 dUsTiN-XPS kernel: efifb: scrolling: redraw
Mar 31 08:16:47 dUsTiN-XPS kernel: efifb: Truecolor: size=8:8:8:8, shift=24:16:8:0
Mar 31 08:16:47 dUsTiN-XPS kernel: Console: switching to colour frame buffer device 128x48
Mar 31 08:16:47 dUsTiN-XPS kernel: fb0: EFI VGA frame buffer device
Mar 31 08:16:47 dUsTiN-XPS kernel: intel_idle: MWAIT substates: 0x42120
Mar 31 08:16:47 dUsTiN-XPS kernel: intel_idle: v0.4 model 0x3C
Mar 31 08:16:47 dUsTiN-XPS kernel: intel_idle: lapic_timer_reliable_states 0xffffffff
Mar 31 08:16:47 dUsTiN-XPS kernel: GHES: HEST is not enabled!
Mar 31 08:16:47 dUsTiN-XPS kernel: Serial: 8250/16550 driver, 4 ports, IRQ sharing disabled
Mar 31 08:16:47 dUsTiN-XPS kernel: Linux agpgart interface v0.103
Mar 31 08:16:47 dUsTiN-XPS kernel: rtc_cmos 00:02: RTC can wake from S4
Mar 31 08:16:47 dUsTiN-XPS kernel: rtc_cmos 00:02: rtc core: registered rtc_cmos as rtc0
Mar 31 08:16:47 dUsTiN-XPS kernel: rtc_cmos 00:02: alarms up to one month, y3k, 242 bytes nvram, hpet irqs
Mar 31 08:16:47 dUsTiN-XPS kernel: Intel P-state driver initializing.
Mar 31 08:16:47 dUsTiN-XPS kernel: ledtrig-cpu: registered to indicate activity on CPUs
Mar 31 08:16:47 dUsTiN-XPS kernel: TCP: cubic registered
Mar 31 08:16:47 dUsTiN-XPS kernel: NET: Registered protocol family 10
Mar 31 08:16:47 dUsTiN-XPS kernel: NET: Registered protocol family 17
Mar 31 08:16:47 dUsTiN-XPS kernel: [1;39mLoading compiled-in X.509 certificates[0m
Mar 31 08:16:47 dUsTiN-XPS kernel: registered taskstats version 1
Mar 31 08:16:47 dUsTiN-XPS kernel:   Magic number: 7:409:282
Mar 31 08:16:47 dUsTiN-XPS kernel: tty tty19: hash matches
Mar 31 08:16:47 dUsTiN-XPS kernel: rtc_cmos 00:02: setting system clock to 2015-03-31 13:16:45 UTC (1427807805)
Mar 31 08:16:47 dUsTiN-XPS kernel: PM: Checking hibernation image partition UUID=6a258178-2379-4fdb-94b4-1e72b0590cc6
Mar 31 08:16:47 dUsTiN-XPS kernel: PM: Hibernation image not present or could not be loaded.
Mar 31 08:16:47 dUsTiN-XPS kernel: Freeing unused kernel memory: 1164K (ffffffff818e7000 - ffffffff81a0a000)
Mar 31 08:16:47 dUsTiN-XPS kernel: Write protecting the kernel read-only data: 8192k
Mar 31 08:16:47 dUsTiN-XPS kernel: Freeing unused kernel memory: 600K (ffff88000156a000 - ffff880001600000)
Mar 31 08:16:47 dUsTiN-XPS kernel: Freeing unused kernel memory: 304K (ffff8800017b4000 - ffff880001800000)
Mar 31 08:16:47 dUsTiN-XPS kernel: [1;39mrandom: systemd-tmpfile urandom read with 2 bits of entropy available[0m
Mar 31 08:16:47 dUsTiN-XPS kernel: [drm] Initialized drm 1.1.0 20060810
Mar 31 08:16:47 dUsTiN-XPS kernel: [1;39mnvidia: module license 'NVIDIA' taints kernel.[0m
Mar 31 08:16:47 dUsTiN-XPS kernel: [1;39mDisabling lock debugging due to kernel taint[0m
Mar 31 08:16:47 dUsTiN-XPS kernel: vgaarb: device changed decodes: PCI:0000:01:00.0,olddecodes=io+mem,decodes=none:owns=io+mem
Mar 31 08:16:47 dUsTiN-XPS kernel: [drm] Initialized nvidia-drm 0.0.0 20150116 for 0000:01:00.0 on minor 0
Mar 31 08:16:47 dUsTiN-XPS kernel: [1;39mNVRM: loading NVIDIA UNIX x86_64 Kernel Module  346.47  Thu Feb 19 18:56:03 PST 2015[0m
Mar 31 08:16:47 dUsTiN-XPS kernel: i8042: PNP: No PS/2 controller found. Probing ports directly.
Mar 31 08:16:47 dUsTiN-XPS kernel: serio: i8042 KBD port at 0x60,0x64 irq 1
Mar 31 08:16:47 dUsTiN-XPS kernel: serio: i8042 AUX port at 0x60,0x64 irq 12
Mar 31 08:16:47 dUsTiN-XPS kernel: ACPI: bus type USB registered
Mar 31 08:16:47 dUsTiN-XPS kernel: usbcore: registered new interface driver usbfs
Mar 31 08:16:47 dUsTiN-XPS kernel: usbcore: registered new interface driver hub
Mar 31 08:16:47 dUsTiN-XPS kernel: usbcore: registered new device driver usb
Mar 31 08:16:47 dUsTiN-XPS kernel: ehci_hcd: USB 2.0 'Enhanced' Host Controller (EHCI) Driver
Mar 31 08:16:47 dUsTiN-XPS kernel: [1;39mSCSI subsystem initialized[0m
Mar 31 08:16:47 dUsTiN-XPS kernel: ehci-pci: EHCI PCI platform driver
Mar 31 08:16:47 dUsTiN-XPS kernel: ehci-pci 0000:00:1a.0: EHCI Host Controller
Mar 31 08:16:47 dUsTiN-XPS kernel: ehci-pci 0000:00:1a.0: new USB bus registered, assigned bus number 1
Mar 31 08:16:47 dUsTiN-XPS kernel: ehci-pci 0000:00:1a.0: debug port 2
Mar 31 08:16:47 dUsTiN-XPS kernel: libata version 3.00 loaded.
Mar 31 08:16:47 dUsTiN-XPS kernel: ehci-pci 0000:00:1a.0: cache line size of 64 is not supported
Mar 31 08:16:47 dUsTiN-XPS kernel: ehci-pci 0000:00:1a.0: irq 16, io mem 0xf7318000
Mar 31 08:16:47 dUsTiN-XPS kernel: ehci-pci 0000:00:1a.0: USB 2.0 started, EHCI 1.00
Mar 31 08:16:47 dUsTiN-XPS kernel: hub 1-0:1.0: USB hub found
Mar 31 08:16:47 dUsTiN-XPS kernel: hub 1-0:1.0: 2 ports detected
Mar 31 08:16:47 dUsTiN-XPS kernel: ehci-pci 0000:00:1d.0: EHCI Host Controller
Mar 31 08:16:47 dUsTiN-XPS kernel: ehci-pci 0000:00:1d.0: new USB bus registered, assigned bus number 2
Mar 31 08:16:47 dUsTiN-XPS kernel: ehci-pci 0000:00:1d.0: debug port 2
Mar 31 08:16:47 dUsTiN-XPS kernel: ehci-pci 0000:00:1d.0: cache line size of 64 is not supported
Mar 31 08:16:47 dUsTiN-XPS kernel: ehci-pci 0000:00:1d.0: irq 23, io mem 0xf7317000
Mar 31 08:16:47 dUsTiN-XPS kernel: ehci-pci 0000:00:1d.0: USB 2.0 started, EHCI 1.00
Mar 31 08:16:47 dUsTiN-XPS kernel: hub 2-0:1.0: USB hub found
Mar 31 08:16:47 dUsTiN-XPS kernel: hub 2-0:1.0: 2 ports detected
Mar 31 08:16:47 dUsTiN-XPS kernel: xhci_hcd 0000:00:14.0: xHCI Host Controller
Mar 31 08:16:47 dUsTiN-XPS kernel: xhci_hcd 0000:00:14.0: new USB bus registered, assigned bus number 3
Mar 31 08:16:47 dUsTiN-XPS kernel: xhci_hcd 0000:00:14.0: cache line size of 64 is not supported
Mar 31 08:16:47 dUsTiN-XPS kernel: hub 3-0:1.0: USB hub found
Mar 31 08:16:47 dUsTiN-XPS kernel: hub 3-0:1.0: 14 ports detected
Mar 31 08:16:47 dUsTiN-XPS kernel: xhci_hcd 0000:00:14.0: xHCI Host Controller
Mar 31 08:16:47 dUsTiN-XPS kernel: xhci_hcd 0000:00:14.0: new USB bus registered, assigned bus number 4
Mar 31 08:16:47 dUsTiN-XPS kernel: hub 4-0:1.0: USB hub found
Mar 31 08:16:47 dUsTiN-XPS kernel: hub 4-0:1.0: 6 ports detected
Mar 31 08:16:47 dUsTiN-XPS kernel: ahci 0000:00:1f.2: version 3.0
Mar 31 08:16:47 dUsTiN-XPS kernel: ahci 0000:00:1f.2: AHCI 0001.0300 32 slots 6 ports 6 Gbps 0x23 impl SATA mode
Mar 31 08:16:47 dUsTiN-XPS kernel: ahci 0000:00:1f.2: flags: 64bit ncq pm led clo pio slum part ems apst 
Mar 31 08:16:47 dUsTiN-XPS kernel: scsi host0: ahci
Mar 31 08:16:47 dUsTiN-XPS kernel: scsi host1: ahci
Mar 31 08:16:47 dUsTiN-XPS kernel: scsi host2: ahci
Mar 31 08:16:47 dUsTiN-XPS kernel: scsi host3: ahci
Mar 31 08:16:47 dUsTiN-XPS kernel: scsi host4: ahci
Mar 31 08:16:47 dUsTiN-XPS kernel: scsi host5: ahci
Mar 31 08:16:47 dUsTiN-XPS kernel: ata1: SATA max UDMA/133 abar m2048@0xf7316000 port 0xf7316100 irq 27
Mar 31 08:16:47 dUsTiN-XPS kernel: ata2: SATA max UDMA/133 abar m2048@0xf7316000 port 0xf7316180 irq 27
Mar 31 08:16:47 dUsTiN-XPS kernel: ata3: DUMMY
Mar 31 08:16:47 dUsTiN-XPS kernel: ata4: DUMMY
Mar 31 08:16:47 dUsTiN-XPS kernel: ata5: DUMMY
Mar 31 08:16:47 dUsTiN-XPS kernel: ata6: SATA max UDMA/133 abar m2048@0xf7316000 port 0xf7316380 irq 27
Mar 31 08:16:47 dUsTiN-XPS kernel: usb 1-1: new high-speed USB device number 2 using ehci-pci
Mar 31 08:16:47 dUsTiN-XPS kernel: usb 2-1: new high-speed USB device number 2 using ehci-pci
Mar 31 08:16:47 dUsTiN-XPS kernel: ata6: SATA link up 6.0 Gbps (SStatus 133 SControl 300)
Mar 31 08:16:47 dUsTiN-XPS kernel: ata2: SATA link up 1.5 Gbps (SStatus 113 SControl 300)
Mar 31 08:16:47 dUsTiN-XPS kernel: ata1: SATA link up 6.0 Gbps (SStatus 133 SControl 300)
Mar 31 08:16:47 dUsTiN-XPS kernel: ata1.00: ATA-9: ST1000DM003-1CH162, CC47, max UDMA/133
Mar 31 08:16:47 dUsTiN-XPS kernel: ata1.00: 1953525168 sectors, multi 16: LBA48 NCQ (depth 31/32), AA
Mar 31 08:16:47 dUsTiN-XPS kernel: ata1.00: configured for UDMA/133
Mar 31 08:16:47 dUsTiN-XPS kernel: ata2.00: ATAPI: HL-DT-ST DVD+/-RW GHB0N, A100, max UDMA/100
Mar 31 08:16:47 dUsTiN-XPS kernel: ata6.00: ACPI cmd ef/10:06:00:00:00:00 (SET FEATURES) succeeded
Mar 31 08:16:47 dUsTiN-XPS kernel: ata6.00: ACPI cmd f5/00:00:00:00:00:00 (SECURITY FREEZE LOCK) filtered out
Mar 31 08:16:47 dUsTiN-XPS kernel: ata6.00: ACPI cmd b1/c1:00:00:00:00:00 (DEVICE CONFIGURATION OVERLAY) filtered out
Mar 31 08:16:47 dUsTiN-XPS kernel: [1;39mscsi 0:0:0:0: Direct-Access     ATA      ST1000DM003-1CH1 CC47 PQ: 0 ANSI: 5[0m
Mar 31 08:16:47 dUsTiN-XPS kernel: [1;39mata6.00: supports DRM functions and may not be fully accessible[0m
Mar 31 08:16:47 dUsTiN-XPS kernel: ata6.00: failed to get NCQ Send/Recv Log Emask 0x1
Mar 31 08:16:47 dUsTiN-XPS kernel: ata6.00: ATA-9: Samsung SSD 840 EVO 120GB mSATA, EXT42B6Q, max UDMA/133
Mar 31 08:16:47 dUsTiN-XPS kernel: ata6.00: 234441648 sectors, multi 1: LBA48 NCQ (depth 31/32), AA
Mar 31 08:16:47 dUsTiN-XPS kernel: ata6.00: ACPI cmd ef/10:06:00:00:00:00 (SET FEATURES) succeeded
Mar 31 08:16:47 dUsTiN-XPS kernel: ata6.00: ACPI cmd f5/00:00:00:00:00:00 (SECURITY FREEZE LOCK) filtered out
Mar 31 08:16:47 dUsTiN-XPS kernel: ata6.00: ACPI cmd b1/c1:00:00:00:00:00 (DEVICE CONFIGURATION OVERLAY) filtered out
Mar 31 08:16:47 dUsTiN-XPS kernel: [1;39mata6.00: supports DRM functions and may not be fully accessible[0m
Mar 31 08:16:47 dUsTiN-XPS kernel: ata6.00: failed to get NCQ Send/Recv Log Emask 0x1
Mar 31 08:16:47 dUsTiN-XPS kernel: ata6.00: configured for UDMA/133
Mar 31 08:16:47 dUsTiN-XPS kernel: ata2.00: configured for UDMA/100
Mar 31 08:16:47 dUsTiN-XPS kernel: [1;39mscsi 1:0:0:0: CD-ROM            HL-DT-ST DVD+-RW GHB0N    A100 PQ: 0 ANSI: 5[0m
Mar 31 08:16:47 dUsTiN-XPS kernel: [1;39mscsi 5:0:0:0: Direct-Access     ATA      Samsung SSD 840  2B6Q PQ: 0 ANSI: 5[0m
Mar 31 08:16:47 dUsTiN-XPS kernel: [1;39msd 0:0:0:0: [sda] 1953525168 512-byte logical blocks: (1.00 TB/931 GiB)[0m
Mar 31 08:16:47 dUsTiN-XPS kernel: [1;39msd 0:0:0:0: [sda] 4096-byte physical blocks[0m
Mar 31 08:16:47 dUsTiN-XPS kernel: [1;39msd 0:0:0:0: [sda] Write Protect is off[0m
Mar 31 08:16:47 dUsTiN-XPS kernel: [1;39msd 5:0:0:0: [sdb] 234441648 512-byte logical blocks: (120 GB/111 GiB)[0m
Mar 31 08:16:47 dUsTiN-XPS kernel: sd 0:0:0:0: [sda] Mode Sense: 00 3a 00 00
Mar 31 08:16:47 dUsTiN-XPS kernel: [1;39msd 0:0:0:0: [sda] Write cache: enabled, read cache: enabled, doesn't support DPO or FUA[0m
Mar 31 08:16:47 dUsTiN-XPS kernel: [1;39msd 5:0:0:0: [sdb] Write Protect is off[0m
Mar 31 08:16:47 dUsTiN-XPS kernel: sd 5:0:0:0: [sdb] Mode Sense: 00 3a 00 00
Mar 31 08:16:47 dUsTiN-XPS kernel: [1;39msd 5:0:0:0: [sdb] Write cache: enabled, read cache: enabled, doesn't support DPO or FUA[0m
Mar 31 08:16:47 dUsTiN-XPS kernel: usb 3-5: new full-speed USB device number 2 using xhci_hcd
Mar 31 08:16:47 dUsTiN-XPS kernel:  sdb: sdb1 sdb2
Mar 31 08:16:47 dUsTiN-XPS kernel: [1;39msd 5:0:0:0: [sdb] Attached SCSI disk[0m
Mar 31 08:16:47 dUsTiN-XPS kernel: sr 1:0:0:0: [sr0] scsi3-mmc drive: 48x/12x writer dvd-ram cd/rw xa/form2 cdda tray
Mar 31 08:16:47 dUsTiN-XPS kernel: cdrom: Uniform CD-ROM driver Revision: 3.20
Mar 31 08:16:47 dUsTiN-XPS kernel: sr 1:0:0:0: Attached scsi CD-ROM sr0
Mar 31 08:16:47 dUsTiN-XPS kernel:  sda: sda1 sda2 sda3 sda4 sda5 sda6 sda7 sda8
Mar 31 08:16:47 dUsTiN-XPS kernel: [1;39msd 0:0:0:0: [sda] Attached SCSI disk[0m
Mar 31 08:16:47 dUsTiN-XPS kernel: hub 1-1:1.0: USB hub found
Mar 31 08:16:47 dUsTiN-XPS kernel: hub 1-1:1.0: 6 ports detected
Mar 31 08:16:47 dUsTiN-XPS kernel: hub 2-1:1.0: USB hub found
Mar 31 08:16:47 dUsTiN-XPS kernel: hub 2-1:1.0: 8 ports detected
Mar 31 08:16:47 dUsTiN-XPS kernel: raid6: sse2x1   12155 MB/s
Mar 31 08:16:47 dUsTiN-XPS kernel: raid6: sse2x2   15494 MB/s
Mar 31 08:16:47 dUsTiN-XPS kernel: hidraw: raw HID events driver (C) Jiri Kosina
Mar 31 08:16:47 dUsTiN-XPS kernel: usbcore: registered new interface driver usbhid
Mar 31 08:16:47 dUsTiN-XPS kernel: usbhid: USB HID core driver
Mar 31 08:16:47 dUsTiN-XPS kernel: logitech-djreceiver 0003:046D:C52B.0003: hiddev0,hidraw0: USB HID v1.11 Device [Logitech USB Receiver] on usb-0000:00:14.0-5/input2
Mar 31 08:16:47 dUsTiN-XPS kernel: raid6: sse2x4   18158 MB/s
Mar 31 08:16:47 dUsTiN-XPS kernel: raid6: avx2x1   24621 MB/s
Mar 31 08:16:47 dUsTiN-XPS kernel: input: Logitech K800 as /devices/pci0000:00/0000:00:14.0/usb3/3-5/3-5:1.2/0003:046D:C52B.0003/0003:046D:2010.0004/input/input2
Mar 31 08:16:47 dUsTiN-XPS kernel: logitech-hidpp-device 0003:046D:2010.0004: input,hidraw1: USB HID v1.11 Keyboard [Logitech K800] on usb-0000:00:14.0-5:1
Mar 31 08:16:47 dUsTiN-XPS kernel: raid6: avx2x2   27774 MB/s
Mar 31 08:16:47 dUsTiN-XPS kernel: usb 3-6: new full-speed USB device number 3 using xhci_hcd
Mar 31 08:16:47 dUsTiN-XPS kernel: raid6: avx2x4   32984 MB/s
Mar 31 08:16:47 dUsTiN-XPS kernel: raid6: using algorithm avx2x4 (32984 MB/s)
Mar 31 08:16:47 dUsTiN-XPS kernel: raid6: using avx2x2 recovery algorithm
Mar 31 08:16:47 dUsTiN-XPS kernel: xor: automatically using best checksumming function:
Mar 31 08:16:47 dUsTiN-XPS kernel:    avx       : 38448.000 MB/sec
Mar 31 08:16:47 dUsTiN-XPS kernel: Btrfs loaded
Mar 31 08:16:47 dUsTiN-XPS kernel: BTRFS: device label Root devid 1 transid 109637 /dev/sdb1
Mar 31 08:16:47 dUsTiN-XPS kernel: input: Microsoft MicrosoftÂ® 2.4GHz Transceiver v7.0 as /devices/pci0000:00/0000:00:14.0/usb3/3-6/3-6:1.0/0003:045E:0745.0005/input/input3
Mar 31 08:16:47 dUsTiN-XPS kernel: tsc: Refined TSC clocksource calibration: 3591.682 MHz
Mar 31 08:16:47 dUsTiN-XPS kernel: hid-generic 0003:045E:0745.0005: input,hidraw2: USB HID v1.11 Keyboard [Microsoft MicrosoftÂ® 2.4GHz Transceiver v7.0] on usb-0000:00:14.0-6/input0
Mar 31 08:16:47 dUsTiN-XPS kernel: input: Microsoft MicrosoftÂ® 2.4GHz Transceiver v7.0 as /devices/pci0000:00/0000:00:14.0/usb3/3-6/3-6:1.1/0003:045E:0745.0006/input/input4
Mar 31 08:16:47 dUsTiN-XPS kernel: hid-generic 0003:045E:0745.0006: input,hidraw3: USB HID v1.11 Mouse [Microsoft MicrosoftÂ® 2.4GHz Transceiver v7.0] on usb-0000:00:14.0-6/input1
Mar 31 08:16:47 dUsTiN-XPS kernel: input: Microsoft MicrosoftÂ® 2.4GHz Transceiver v7.0 as /devices/pci0000:00/0000:00:14.0/usb3/3-6/3-6:1.2/0003:045E:0745.0007/input/input5
Mar 31 08:16:47 dUsTiN-XPS kernel: usb 3-7: new high-speed USB device number 4 using xhci_hcd
Mar 31 08:16:47 dUsTiN-XPS kernel: hid-generic 0003:045E:0745.0007: input,hiddev0,hidraw4: USB HID v1.11 Device [Microsoft MicrosoftÂ® 2.4GHz Transceiver v7.0] on usb-0000:00:14.0-6/input2
Mar 31 08:16:47 dUsTiN-XPS kernel: BTRFS: device label Home devid 1 transid 77090 /dev/sda7
Mar 31 08:16:47 dUsTiN-XPS kernel: PM: Starting manual resume from disk
Mar 31 08:16:47 dUsTiN-XPS kernel: PM: Hibernation image partition 8:18 present
Mar 31 08:16:47 dUsTiN-XPS kernel: PM: Looking for hibernation image.
Mar 31 08:16:47 dUsTiN-XPS kernel: PM: Image not found (code -22)
Mar 31 08:16:47 dUsTiN-XPS kernel: PM: Hibernation image not present or could not be loaded.
Mar 31 08:16:47 dUsTiN-XPS kernel: BTRFS info (device sdb1): disk space caching is enabled
Mar 31 08:16:47 dUsTiN-XPS kernel: usb-storage 3-7:1.0: USB Mass Storage device detected
Mar 31 08:16:47 dUsTiN-XPS kernel: scsi host6: usb-storage 3-7:1.0
Mar 31 08:16:47 dUsTiN-XPS kernel: usbcore: registered new interface driver usb-storage
Mar 31 08:16:47 dUsTiN-XPS kernel: usbcore: registered new interface driver uas
Mar 31 08:16:47 dUsTiN-XPS kernel: BTRFS: detected SSD devices, enabling SSD mode
Mar 31 08:16:47 dUsTiN-XPS kernel: usb 3-13: new full-speed USB device number 5 using xhci_hcd
Mar 31 08:16:47 dUsTiN-XPS systemd[1]: [1;31m[/etc/systemd/system/remote-fs.target.wants/linode.mount:10] Failed to add dependency on nfs-idmapd, ignoring: Invalid argument[0m
Mar 31 08:16:47 dUsTiN-XPS systemd[1]: [1;31m[/etc/systemd/system/remote-fs.target.wants/linode.mount:11] Failed to add dependency on nfs-idmapd, ignoring: Invalid argument[0m
Mar 31 08:16:47 dUsTiN-XPS systemd[1]: [1;31mDependency failed for pNFS block layout mapping daemon.[0m
Mar 31 08:16:47 dUsTiN-XPS systemd[1]: [1;39mJob nfs-blkmap.service/start failed with result 'dependency'.[0m
Mar 31 08:16:47 dUsTiN-XPS kernel: [1;39mFS-Cache: Loaded[0m
Mar 31 08:16:47 dUsTiN-XPS kernel: RPC: Registered named UNIX socket transport module.
Mar 31 08:16:47 dUsTiN-XPS kernel: RPC: Registered udp transport module.
Mar 31 08:16:47 dUsTiN-XPS kernel: RPC: Registered tcp transport module.
Mar 31 08:16:47 dUsTiN-XPS kernel: RPC: Registered tcp NFSv4.1 backchannel transport module.
Mar 31 08:16:47 dUsTiN-XPS kernel: [1;39mFS-Cache: Netfs 'nfs' registered for caching[0m
Mar 31 08:16:47 dUsTiN-XPS kernel: BTRFS info (device sdb1): turning on discard
Mar 31 08:16:47 dUsTiN-XPS kernel: BTRFS info (device sdb1): enabling auto defrag
Mar 31 08:16:47 dUsTiN-XPS kernel: BTRFS info (device sdb1): enabling inode map caching
Mar 31 08:16:47 dUsTiN-XPS kernel: BTRFS info (device sdb1): disk space caching is enabled
Mar 31 08:16:47 dUsTiN-XPS kernel: vboxdrv: Found 8 processor cores.
Mar 31 08:16:47 dUsTiN-XPS kernel: [1;39mvboxdrv: fAsync=0 offMin=0x189 offMax=0xce5e[0m
Mar 31 08:16:47 dUsTiN-XPS kernel: vboxdrv: TSC mode is 'synchronous', kernel timer mode is 'normal'.
Mar 31 08:16:47 dUsTiN-XPS kernel: vboxdrv: Successfully loaded version 4.3.26_OSE (interface 0x001a000a).
Mar 31 08:16:47 dUsTiN-XPS kernel: vboxpci: IOMMU not found (not registered)
Mar 31 08:16:47 dUsTiN-XPS kernel: Installing knfsd (copyright (C) 1996 okir@monad.swb.de).
Mar 31 08:16:47 dUsTiN-XPS systemd-journal[232]: Journal started
Mar 31 08:16:47 dUsTiN-XPS systemd-modules-load[218]: Inserted module 'nfs'
Mar 31 08:16:47 dUsTiN-XPS systemd-modules-load[218]: Inserted module 'overlay'
Mar 31 08:16:47 dUsTiN-XPS systemd-modules-load[218]: Inserted module 'vboxdrv'
Mar 31 08:16:47 dUsTiN-XPS systemd-modules-load[218]: Inserted module 'vboxnetadp'
Mar 31 08:16:47 dUsTiN-XPS systemd-modules-load[218]: Inserted module 'vboxnetflt'
Mar 31 08:16:47 dUsTiN-XPS systemd-modules-load[218]: Inserted module 'vboxpci'
Mar 31 08:16:47 dUsTiN-XPS systemd-udevd[257]: starting version 218
Mar 31 08:16:47 dUsTiN-XPS kernel: input: Power Button as /devices/LNXSYSTM:00/LNXSYBUS:00/PNP0C0C:00/input/input6
Mar 31 08:16:47 dUsTiN-XPS kernel: ACPI: Power Button [PWRB]
Mar 31 08:16:47 dUsTiN-XPS kernel: input: Power Button as /devices/LNXSYSTM:00/LNXPWRBN:00/input/input7
Mar 31 08:16:47 dUsTiN-XPS kernel: ACPI: Power Button [PWRF]
Mar 31 08:16:47 dUsTiN-XPS kernel: shpchp: Standard Hot Plug PCI Controller Driver version: 0.4
Mar 31 08:16:47 dUsTiN-XPS kernel: snd_hda_intel 0000:00:1b.0: enabling device (0000 -> 0002)
Mar 31 08:16:47 dUsTiN-XPS kernel: snd_hda_intel 0000:01:00.1: Disabling MSI
Mar 31 08:16:47 dUsTiN-XPS kernel: snd_hda_intel 0000:01:00.1: Handle VGA-switcheroo audio client
Mar 31 08:16:47 dUsTiN-XPS kernel: [1;39mrandom: nonblocking pool is initialized[0m
Mar 31 08:16:47 dUsTiN-XPS kernel: sound hdaudioC0D0: autoconfig: line_outs=4 (0x14/0x15/0x16/0x17/0x0) type:line
Mar 31 08:16:47 dUsTiN-XPS kernel: sound hdaudioC0D0:    speaker_outs=0 (0x0/0x0/0x0/0x0/0x0)
Mar 31 08:16:47 dUsTiN-XPS kernel: sound hdaudioC0D0:    hp_outs=1 (0x1b/0x0/0x0/0x0/0x0)
Mar 31 08:16:47 dUsTiN-XPS kernel: sound hdaudioC0D0:    mono: mono_out=0x0
Mar 31 08:16:47 dUsTiN-XPS kernel: sound hdaudioC0D0:    inputs:
Mar 31 08:16:47 dUsTiN-XPS kernel: sound hdaudioC0D0:      Front Mic=0x19
Mar 31 08:16:47 dUsTiN-XPS kernel: sound hdaudioC0D0:      Rear Mic=0x18
Mar 31 08:16:47 dUsTiN-XPS kernel: sound hdaudioC0D0:      Line=0x1a
Mar 31 08:16:47 dUsTiN-XPS kernel: thermal LNXTHERM:00: registered as thermal_zone0
Mar 31 08:16:47 dUsTiN-XPS kernel: ACPI: Thermal Zone [TZ00] (28 C)
Mar 31 08:16:47 dUsTiN-XPS kernel: thermal LNXTHERM:01: registered as thermal_zone1
Mar 31 08:16:47 dUsTiN-XPS kernel: ACPI: Thermal Zone [TZ01] (30 C)
Mar 31 08:16:47 dUsTiN-XPS kernel: r8169 Gigabit Ethernet driver 2.3LK-NAPI loaded
Mar 31 08:16:47 dUsTiN-XPS kernel: [1;39mr8169 0000:03:00.0: can't disable ASPM; OS doesn't have ASPM control[0m
Mar 31 08:16:47 dUsTiN-XPS kernel: input: PC Speaker as /devices/platform/pcspkr/input/input8
Mar 31 08:16:47 dUsTiN-XPS kernel: cfg80211: Calling CRDA to update world regulatory domain
Mar 31 08:16:47 dUsTiN-XPS kernel: r8169 0000:03:00.0 eth0: RTL8168g/8111g at 0xffffc900018c6000, 34:17:eb:bc:89:87, XID 0c000880 IRQ 30
Mar 31 08:16:47 dUsTiN-XPS kernel: r8169 0000:03:00.0 eth0: jumbo features [frames: 9200 bytes, tx checksumming: ko]
Mar 31 08:16:47 dUsTiN-XPS kernel: [1;39mACPI Warning: SystemIO range 0x000000000000f000-0x000000000000f01f conflicts with OpRegion 0x000000000000f000-0x000000000000f00f (\_SB_.PCI0.SBUS.SMBI) (20141107/utaddress-258)[0m
Mar 31 08:16:47 dUsTiN-XPS kernel: ACPI: If an ACPI driver is available for this device, you should use it instead of the native driver
Mar 31 08:16:47 dUsTiN-XPS kernel: input: HDA Intel PCH Front Mic as /devices/pci0000:00/0000:00:1b.0/sound/card0/input9
Mar 31 08:16:47 dUsTiN-XPS kernel: input: HDA Intel PCH Rear Mic as /devices/pci0000:00/0000:00:1b.0/sound/card0/input10
Mar 31 08:16:47 dUsTiN-XPS kernel: input: HDA Intel PCH Line as /devices/pci0000:00/0000:00:1b.0/sound/card0/input11
Mar 31 08:16:47 dUsTiN-XPS kernel: input: HDA Intel PCH Line Out Front as /devices/pci0000:00/0000:00:1b.0/sound/card0/input12
Mar 31 08:16:47 dUsTiN-XPS kernel: input: HDA Intel PCH Line Out Surround as /devices/pci0000:00/0000:00:1b.0/sound/card0/input13
Mar 31 08:16:47 dUsTiN-XPS kernel: input: HDA Intel PCH Line Out CLFE as /devices/pci0000:00/0000:00:1b.0/sound/card0/input14
Mar 31 08:16:47 dUsTiN-XPS kernel: input: HDA Intel PCH Line Out Side as /devices/pci0000:00/0000:00:1b.0/sound/card0/input15
Mar 31 08:16:47 dUsTiN-XPS kernel: input: HDA Intel PCH Front Headphone as /devices/pci0000:00/0000:00:1b.0/sound/card0/input16
Mar 31 08:16:47 dUsTiN-XPS mtp-probe[329]: checking bus 3, device 4: "/sys/devices/pci0000:00/0000:00:14.0/usb3/3-7"
Mar 31 08:16:47 dUsTiN-XPS mtp-probe[328]: checking bus 3, device 2: "/sys/devices/pci0000:00/0000:00:14.0/usb3/3-5"
Mar 31 08:16:47 dUsTiN-XPS mtp-probe[330]: checking bus 3, device 3: "/sys/devices/pci0000:00/0000:00:14.0/usb3/3-6"
Mar 31 08:16:47 dUsTiN-XPS mtp-probe[329]: bus: 3, device: 4 was not an MTP device
Mar 31 08:16:47 dUsTiN-XPS mtp-probe[328]: bus: 3, device: 2 was not an MTP device
Mar 31 08:16:47 dUsTiN-XPS mtp-probe[330]: bus: 3, device: 3 was not an MTP device
Mar 31 08:16:47 dUsTiN-XPS kernel: Adding 3952200k swap on /dev/sdb2.  Priority:-1 extents:1 across:3952200k SSFS
Mar 31 08:16:47 dUsTiN-XPS kernel: r8169 0000:03:00.0 enp3s0: renamed from eth0
Mar 31 08:16:47 dUsTiN-XPS kernel: Switched to clocksource tsc
Mar 31 08:16:47 dUsTiN-XPS kernel: cfg80211: World regulatory domain updated:
Mar 31 08:16:47 dUsTiN-XPS kernel: cfg80211:  DFS Master region: unset
Mar 31 08:16:47 dUsTiN-XPS kernel: cfg80211:   (start_freq - end_freq @ bandwidth), (max_antenna_gain, max_eirp), (dfs_cac_time)
Mar 31 08:16:47 dUsTiN-XPS kernel: cfg80211:   (2402000 KHz - 2472000 KHz @ 40000 KHz), (N/A, 2000 mBm), (N/A)
Mar 31 08:16:47 dUsTiN-XPS kernel: cfg80211:   (2457000 KHz - 2482000 KHz @ 40000 KHz), (N/A, 2000 mBm), (N/A)
Mar 31 08:16:47 dUsTiN-XPS kernel: cfg80211:   (2474000 KHz - 2494000 KHz @ 20000 KHz), (N/A, 2000 mBm), (N/A)
Mar 31 08:16:47 dUsTiN-XPS kernel: cfg80211:   (5170000 KHz - 5250000 KHz @ 80000 KHz, 160000 KHz AUTO), (N/A, 2000 mBm), (N/A)
Mar 31 08:16:47 dUsTiN-XPS kernel: cfg80211:   (5250000 KHz - 5330000 KHz @ 80000 KHz, 160000 KHz AUTO), (N/A, 2000 mBm), (0 s)
Mar 31 08:16:47 dUsTiN-XPS kernel: cfg80211:   (5490000 KHz - 5730000 KHz @ 160000 KHz), (N/A, 2000 mBm), (0 s)
Mar 31 08:16:47 dUsTiN-XPS kernel: cfg80211:   (5735000 KHz - 5835000 KHz @ 80000 KHz), (N/A, 2000 mBm), (N/A)
Mar 31 08:16:47 dUsTiN-XPS kernel: cfg80211:   (57240000 KHz - 63720000 KHz @ 2160000 KHz), (N/A, 0 mBm), (N/A)
Mar 31 08:16:47 dUsTiN-XPS kernel: dcdbas dcdbas: Dell Systems Management Base Driver (version 5.6.0-3.2)
Mar 31 08:16:47 dUsTiN-XPS kernel: iTCO_vendor_support: vendor-support=0
Mar 31 08:16:47 dUsTiN-XPS kernel: AVX2 version of gcm_enc/dec engaged.
Mar 31 08:16:47 dUsTiN-XPS kernel: AES CTR mode by8 optimization enabled
Mar 31 08:16:47 dUsTiN-XPS kernel: mousedev: PS/2 mouse device common for all mice
Mar 31 08:16:47 dUsTiN-XPS kernel: iTCO_wdt: Intel TCO WatchDog Timer Driver v1.11
Mar 31 08:16:47 dUsTiN-XPS kernel: iTCO_wdt: Found a Lynx Point TCO device (Version=2, TCOBASE=0x1860)
Mar 31 08:16:47 dUsTiN-XPS kernel: iTCO_wdt: initialized. heartbeat=30 sec (nowayout=0)
Mar 31 08:16:47 dUsTiN-XPS kernel: Bluetooth: Core ver 2.20
Mar 31 08:16:47 dUsTiN-XPS kernel: NET: Registered protocol family 31
Mar 31 08:16:47 dUsTiN-XPS kernel: Bluetooth: HCI device and connection manager initialized
Mar 31 08:16:47 dUsTiN-XPS kernel: Bluetooth: HCI socket layer initialized
Mar 31 08:16:47 dUsTiN-XPS kernel: Bluetooth: L2CAP socket layer initialized
Mar 31 08:16:47 dUsTiN-XPS kernel: Bluetooth: SCO socket layer initialized
Mar 31 08:16:47 dUsTiN-XPS kernel: usbcore: registered new interface driver btusb
Mar 31 08:16:47 dUsTiN-XPS kernel: usbcore: registered new interface driver ath3k
Mar 31 08:16:47 dUsTiN-XPS kernel: ath9k 0000:04:00.0: enabling device (0000 -> 0002)
Mar 31 08:16:47 dUsTiN-XPS kernel: intel_rapl: Found RAPL domain package
Mar 31 08:16:47 dUsTiN-XPS kernel: intel_rapl: Found RAPL domain core
Mar 31 08:16:47 dUsTiN-XPS kernel: intel_rapl: Found RAPL domain dram
Mar 31 08:16:47 dUsTiN-XPS kernel: ath: EEPROM regdomain: 0x60
Mar 31 08:16:47 dUsTiN-XPS kernel: ath: EEPROM indicates we should expect a direct regpair map
Mar 31 08:16:47 dUsTiN-XPS kernel: ath: Country alpha2 being used: 00
Mar 31 08:16:47 dUsTiN-XPS kernel: ath: Regpair used: 0x60
Mar 31 08:16:47 dUsTiN-XPS kernel: ieee80211 phy0: Selected rate control algorithm 'minstrel_ht'
Mar 31 08:16:47 dUsTiN-XPS kernel: ieee80211 phy0: Atheros AR9485 Rev:1 mem=0xffffc90006900000, irq=19
Mar 31 08:16:47 dUsTiN-XPS kernel: ath9k 0000:04:00.0 wlp4s0: renamed from wlan0
Mar 31 08:16:47 dUsTiN-XPS kernel: BTRFS info (device sda7): use ssd allocation scheme
Mar 31 08:16:47 dUsTiN-XPS kernel: BTRFS info (device sda7): turning on discard
Mar 31 08:16:47 dUsTiN-XPS kernel: BTRFS info (device sda7): enabling auto defrag
Mar 31 08:16:47 dUsTiN-XPS kernel: BTRFS info (device sda7): enabling inode map caching
Mar 31 08:16:47 dUsTiN-XPS kernel: BTRFS info (device sda7): disk space caching is enabled
Mar 31 08:16:47 dUsTiN-XPS kernel: input: HDA NVidia HDMI/DP,pcm=3 as /devices/pci0000:00/0000:00:01.0/0000:01:00.1/sound/card1/input18
Mar 31 08:16:47 dUsTiN-XPS kernel: input: HDA NVidia HDMI/DP,pcm=7 as /devices/pci0000:00/0000:00:01.0/0000:01:00.1/sound/card1/input19
Mar 31 08:16:47 dUsTiN-XPS kernel: input: HDA NVidia HDMI/DP,pcm=8 as /devices/pci0000:00/0000:00:01.0/0000:01:00.1/sound/card1/input20
Mar 31 08:16:47 dUsTiN-XPS kernel: [1;39mscsi 6:0:0:0: Direct-Access     Generic- Compact Flash    1.00 PQ: 0 ANSI: 0 CCS[0m
Mar 31 08:16:47 dUsTiN-XPS kernel: [1;39mscsi 6:0:0:1: Direct-Access     Generic- SM/xD-Picture    1.00 PQ: 0 ANSI: 0 CCS[0m
Mar 31 08:16:47 dUsTiN-XPS kernel: [1;39mscsi 6:0:0:2: Direct-Access     Generic- SD/MMC           1.00 PQ: 0 ANSI: 0 CCS[0m
Mar 31 08:16:47 dUsTiN-XPS kernel: [1;39mscsi 6:0:0:3: Direct-Access     Generic- M.S./M.S.Pro/HG  1.00 PQ: 0 ANSI: 0 CCS[0m
Mar 31 08:16:47 dUsTiN-XPS systemd-udevd[257]: error: /dev/sdd: No medium found
Mar 31 08:16:47 dUsTiN-XPS systemd-udevd[257]: error: /dev/sde: No medium found
Mar 31 08:16:47 dUsTiN-XPS systemd-udevd[257]: error: /dev/sdc: No medium found
Mar 31 08:16:47 dUsTiN-XPS systemd-udevd[257]: error: /dev/sdf: No medium found
Mar 31 08:16:47 dUsTiN-XPS systemd-udevd[257]: error: /dev/sdd: No medium found
Mar 31 08:16:47 dUsTiN-XPS systemd-udevd[257]: error: /dev/sde: No medium found
Mar 31 08:16:47 dUsTiN-XPS systemd-udevd[257]: error: /dev/sdc: No medium found
Mar 31 08:16:47 dUsTiN-XPS systemd-udevd[257]: error: /dev/sdf: No medium found
Mar 31 08:16:47 dUsTiN-XPS kernel: [1;39msd 6:0:0:1: [sdd] Attached SCSI removable disk[0m
Mar 31 08:16:47 dUsTiN-XPS kernel: [1;39msd 6:0:0:2: [sde] Attached SCSI removable disk[0m
Mar 31 08:16:47 dUsTiN-XPS kernel: [1;39msd 6:0:0:0: [sdc] Attached SCSI removable disk[0m
Mar 31 08:16:47 dUsTiN-XPS kernel: [1;39msd 6:0:0:3: [sdf] Attached SCSI removable disk[0m
Mar 31 08:16:48 dUsTiN-XPS kernel: [1;39mFAT-fs (sda2): Volume was not properly unmounted. Some data may be corrupt. Please run fsck.[0m
Mar 31 08:16:48 dUsTiN-XPS kernel: [1;39mEXT4-fs (sda6): mounting with "discard" option, but the device does not support discard[0m
Mar 31 08:16:48 dUsTiN-XPS kernel: EXT4-fs (sda6): mounted filesystem with ordered data mode. Opts: discard
Mar 31 08:16:48 dUsTiN-XPS systemd[1]: [1;39mhome-dustin-.cache-google\x2dchrome.mount: Directory /home/dustin/.cache/google-chrome to mount over is not empty, mounting anyway.[0m
Mar 31 08:16:48 dUsTiN-XPS ModemManager[518]: <info>  ModemManager (version 1.4.6) starting in system bus...
Mar 31 08:16:48 dUsTiN-XPS dbus[519]: [1;39m[system] Activating systemd to hand-off: service name='org.freedesktop.PolicyKit1' unit='polkit.service'[0m
Mar 31 08:16:48 dUsTiN-XPS dbus[519]: [1;39m[system] Successfully activated service 'org.freedesktop.systemd1'[0m
Mar 31 08:16:48 dUsTiN-XPS systemd-logind[554]: New seat seat0.
Mar 31 08:16:48 dUsTiN-XPS systemd-logind[554]: Watching system buttons on /dev/input/event5 (Power Button)
Mar 31 08:16:48 dUsTiN-XPS systemd-logind[554]: Watching system buttons on /dev/input/event4 (Power Button)
Mar 31 08:16:48 dUsTiN-XPS polkitd[567]: Started polkitd version 0.112
Mar 31 08:16:48 dUsTiN-XPS haveged[515]: haveged: ver: 1.9.1; arch: x86; vend: GenuineIntel; build: (gcc 4.9.2 ITV); collect: 128K
Mar 31 08:16:48 dUsTiN-XPS haveged[515]: haveged: cpu: (L4 VC); data: 32K (L4 V); inst: 32K (L4 V); idx: 21/40; sz: 31910/59039
Mar 31 08:16:48 dUsTiN-XPS haveged[515]: haveged: tot tests(BA8): A:1/1 B:1/1 continuous tests(B):  last entropy estimate 8.00337
Mar 31 08:16:48 dUsTiN-XPS haveged[515]: haveged: fills: 0, generated: 0
Mar 31 08:16:48 dUsTiN-XPS NetworkManager[553]: <info>  NetworkManager (version 1.0.0) is starting...
Mar 31 08:16:48 dUsTiN-XPS NetworkManager[553]: <info>  Read config: /etc/NetworkManager/NetworkManager.conf
Mar 31 08:16:48 dUsTiN-XPS NetworkManager[553]: <info>  WEXT support is enabled
Mar 31 08:16:48 dUsTiN-XPS polkitd[567]: [1;39mLoading rules from directory /etc/polkit-1/rules.d[0m
Mar 31 08:16:48 dUsTiN-XPS polkitd[567]: [1;39mLoading rules from directory /usr/share/polkit-1/rules.d[0m
Mar 31 08:16:48 dUsTiN-XPS polkitd[567]: [1;39mFinished loading, compiling and executing 4 rules[0m
Mar 31 08:16:48 dUsTiN-XPS dbus[519]: [1;39m[system] Successfully activated service 'org.freedesktop.PolicyKit1'[0m
Mar 31 08:16:48 dUsTiN-XPS NetworkManager[553]: <info>  VPN: loaded org.freedesktop.NetworkManager.openvpn
Mar 31 08:16:48 dUsTiN-XPS polkitd[567]: [1;39mAcquired the name org.freedesktop.PolicyKit1 on the system bus[0m
Mar 31 08:16:48 dUsTiN-XPS NetworkManager[553]: <info>  VPN: loaded org.freedesktop.NetworkManager.pptp
Mar 31 08:16:48 dUsTiN-XPS NetworkManager[553]: <info>  Loaded plugin keyfile: (c) 2007 - 2013 Red Hat, Inc.  To report bugs please use the NetworkManager mailing list.
Mar 31 08:16:48 dUsTiN-XPS NetworkManager[553]: <info>  new connection /etc/NetworkManager/system-connections/Wired connection 1
Mar 31 08:16:48 dUsTiN-XPS NetworkManager[553]: <info>  new connection /etc/NetworkManager/system-connections/Auto FoxFi03
Mar 31 08:16:48 dUsTiN-XPS NetworkManager[553]: <info>  new connection /etc/NetworkManager/system-connections/ATT4J9C8C4
Mar 31 08:16:48 dUsTiN-XPS NetworkManager[553]: <info>  monitoring kernel firmware directory '/usr/lib/firmware'.
Mar 31 08:16:48 dUsTiN-XPS NetworkManager[553]: <info>  rfkill1: found WiFi radio killswitch (at /sys/devices/pci0000:00/0000:00:1c.7/0000:04:00.0/ieee80211/phy0/rfkill1) (driver ath9k)
Mar 31 08:16:48 dUsTiN-XPS NetworkManager[553]: <info>  WiFi hardware radio set disabled
Mar 31 08:16:48 dUsTiN-XPS NetworkManager[553]: <info>  WWAN hardware radio set enabled
Mar 31 08:16:48 dUsTiN-XPS NetworkManager[553]: <info>  Loaded device plugin: /usr/lib/NetworkManager/libnm-device-plugin-adsl.so
Mar 31 08:16:48 dUsTiN-XPS NetworkManager[553]: <info>  Loaded device plugin: /usr/lib/NetworkManager/libnm-device-plugin-wifi.so
Mar 31 08:16:48 dUsTiN-XPS NetworkManager[553]: <info>  Loaded device plugin: /usr/lib/NetworkManager/libnm-device-plugin-wwan.so
Mar 31 08:16:48 dUsTiN-XPS NetworkManager[553]: <info>  Loaded device plugin: /usr/lib/NetworkManager/libnm-device-plugin-bluetooth.so
Mar 31 08:16:48 dUsTiN-XPS NetworkManager[553]: <info>  Loaded device plugin: /usr/lib/NetworkManager/libnm-device-plugin-team.so
Mar 31 08:16:48 dUsTiN-XPS NetworkManager[553]: <info>  WiFi disabled by radio killswitch; disabled by state file
Mar 31 08:16:48 dUsTiN-XPS NetworkManager[553]: <info>  WWAN enabled by radio killswitch; enabled by state file
Mar 31 08:16:48 dUsTiN-XPS NetworkManager[553]: <info>  WiMAX enabled by radio killswitch; enabled by state file
Mar 31 08:16:48 dUsTiN-XPS NetworkManager[553]: <info>  Networking is enabled by state file
Mar 31 08:16:48 dUsTiN-XPS NetworkManager[553]: <info>  (lo): link connected
Mar 31 08:16:48 dUsTiN-XPS NetworkManager[553]: <info>  (lo): carrier is ON
Mar 31 08:16:48 dUsTiN-XPS NetworkManager[553]: <info>  (lo): new Generic device (driver: 'unknown' ifindex: 1)
Mar 31 08:16:48 dUsTiN-XPS NetworkManager[553]: <info>  (lo): exported as /org/freedesktop/NetworkManager/Devices/0
Mar 31 08:16:48 dUsTiN-XPS NetworkManager[553]: <info>  (enp3s0): carrier is OFF
Mar 31 08:16:48 dUsTiN-XPS NetworkManager[553]: <info>  (enp3s0): new Ethernet device (driver: 'r8169' ifindex: 2)
Mar 31 08:16:48 dUsTiN-XPS NetworkManager[553]: <info>  (enp3s0): exported as /org/freedesktop/NetworkManager/Devices/1
Mar 31 08:16:48 dUsTiN-XPS NetworkManager[553]: <info>  (enp3s0): device state change: unmanaged -> unavailable (reason 'managed') [10 20 2]
Mar 31 08:16:48 dUsTiN-XPS NetworkManager[553]: <info>  (enp3s0): preparing device
Mar 31 08:16:48 dUsTiN-XPS NetworkManager[553]: <info>  (wlp4s0): using nl80211 for WiFi device control
Mar 31 08:16:48 dUsTiN-XPS NetworkManager[553]: <info>  (wlp4s0): driver supports Access Point (AP) mode
Mar 31 08:16:48 dUsTiN-XPS NetworkManager[553]: <info>  (wlp4s0): new 802.11 WiFi device (driver: 'ath9k' ifindex: 3)
Mar 31 08:16:48 dUsTiN-XPS NetworkManager[553]: <info>  (wlp4s0): exported as /org/freedesktop/NetworkManager/Devices/2
Mar 31 08:16:48 dUsTiN-XPS NetworkManager[553]: <info>  (wlp4s0): device state change: unmanaged -> unavailable (reason 'managed') [10 20 2]
Mar 31 08:16:48 dUsTiN-XPS NetworkManager[553]: <info>  (wlp4s0): preparing device
Mar 31 08:16:48 dUsTiN-XPS kernel: r8169 0000:03:00.0 enp3s0: link down
Mar 31 08:16:48 dUsTiN-XPS kernel: r8169 0000:03:00.0 enp3s0: link down
Mar 31 08:16:48 dUsTiN-XPS NetworkManager[553]: <info>  ModemManager available in the bus
Mar 31 08:16:50 dUsTiN-XPS NetworkManager[553]: <info>  (enp3s0): link connected
Mar 31 08:16:50 dUsTiN-XPS NetworkManager[553]: <info>  (enp3s0): device state change: unavailable -> disconnected (reason 'carrier-changed') [20 30 40]
Mar 31 08:16:50 dUsTiN-XPS NetworkManager[553]: <info>  Auto-activating connection 'Wired connection 1'.
Mar 31 08:16:50 dUsTiN-XPS kernel: r8169 0000:03:00.0 enp3s0: link up
Mar 31 08:16:50 dUsTiN-XPS NetworkManager[553]: <info>  (enp3s0): Activation: starting connection 'Wired connection 1'
Mar 31 08:16:50 dUsTiN-XPS NetworkManager[553]: <info>  (enp3s0): Activation: Stage 1 of 5 (Device Prepare) scheduled...
Mar 31 08:16:50 dUsTiN-XPS NetworkManager[553]: <info>  (enp3s0): Activation: Stage 1 of 5 (Device Prepare) started...
Mar 31 08:16:50 dUsTiN-XPS NetworkManager[553]: <info>  (enp3s0): device state change: disconnected -> prepare (reason 'none') [30 40 0]
Mar 31 08:16:50 dUsTiN-XPS NetworkManager[553]: <info>  NetworkManager state is now CONNECTING
Mar 31 08:16:50 dUsTiN-XPS NetworkManager[553]: <info>  (enp3s0): Activation: Stage 2 of 5 (Device Configure) scheduled...
Mar 31 08:16:50 dUsTiN-XPS NetworkManager[553]: <info>  (enp3s0): Activation: Stage 1 of 5 (Device Prepare) complete.
Mar 31 08:16:50 dUsTiN-XPS NetworkManager[553]: <info>  (enp3s0): Activation: Stage 2 of 5 (Device Configure) starting...
Mar 31 08:16:50 dUsTiN-XPS NetworkManager[553]: <info>  (enp3s0): device state change: prepare -> config (reason 'none') [40 50 0]
Mar 31 08:16:50 dUsTiN-XPS NetworkManager[553]: <info>  (enp3s0): Activation: Stage 2 of 5 (Device Configure) successful.
Mar 31 08:16:50 dUsTiN-XPS NetworkManager[553]: <info>  (enp3s0): Activation: Stage 2 of 5 (Device Configure) complete.
Mar 31 08:16:50 dUsTiN-XPS NetworkManager[553]: <info>  (enp3s0): Activation: Stage 3 of 5 (IP Configure Start) scheduled.
Mar 31 08:16:50 dUsTiN-XPS NetworkManager[553]: <info>  (enp3s0): Activation: Stage 3 of 5 (IP Configure Start) started...
Mar 31 08:16:50 dUsTiN-XPS NetworkManager[553]: <info>  (enp3s0): device state change: config -> ip-config (reason 'none') [50 70 0]
Mar 31 08:16:50 dUsTiN-XPS NetworkManager[553]: <info>  (enp3s0): Activation: Stage 5 of 5 (IPv4 Configure Commit) scheduled...
Mar 31 08:16:50 dUsTiN-XPS NetworkManager[553]: <info>  (enp3s0): Activation: Stage 3 of 5 (IP Configure Start) complete.
Mar 31 08:16:50 dUsTiN-XPS NetworkManager[553]: <info>  (enp3s0): Activation: Stage 5 of 5 (IPv4 Commit) started...
Mar 31 08:16:50 dUsTiN-XPS NetworkManager[553]: <info>  (enp3s0): device state change: ip-config -> ip-check (reason 'none') [70 80 0]
Mar 31 08:16:50 dUsTiN-XPS NetworkManager[553]: <info>  (enp3s0): Activation: Stage 5 of 5 (IPv4 Commit) complete.
Mar 31 08:16:50 dUsTiN-XPS NetworkManager[553]: <info>  (enp3s0): device state change: ip-check -> secondaries (reason 'none') [80 90 0]
Mar 31 08:16:50 dUsTiN-XPS NetworkManager[553]: <info>  (enp3s0): device state change: secondaries -> activated (reason 'none') [90 100 0]
Mar 31 08:16:50 dUsTiN-XPS NetworkManager[553]: <info>  NetworkManager state is now CONNECTED_LOCAL
Mar 31 08:16:50 dUsTiN-XPS NetworkManager[553]: <info>  NetworkManager state is now CONNECTED_GLOBAL
Mar 31 08:16:50 dUsTiN-XPS NetworkManager[553]: <info>  Policy set 'Wired connection 1' (enp3s0) as default for IPv4 routing and DNS.
Mar 31 08:16:50 dUsTiN-XPS NetworkManager[553]: <info>  Writing DNS information to /usr/bin/resolvconf
Mar 31 08:16:50 dUsTiN-XPS NetworkManager[553]: <info>  (enp3s0): Activation: successful, device activated.
Mar 31 08:16:50 dUsTiN-XPS dbus[519]: [1;39m[system] Activating via systemd: service name='org.freedesktop.nm_dispatcher' unit='dbus-org.freedesktop.nm-dispatcher.service'[0m
Mar 31 08:16:50 dUsTiN-XPS dbus[519]: [1;39m[system] Successfully activated service 'org.freedesktop.nm_dispatcher'[0m
Mar 31 08:16:50 dUsTiN-XPS nm-dispatcher[833]: [1;39mDispatching action 'up' for enp3s0[0m
Mar 31 08:16:50 dUsTiN-XPS dbus[519]: [1;39m[system] Activating via systemd: service name='org.manjaro.pamac' unit='pamac.service'[0m
Mar 31 08:16:50 dUsTiN-XPS dbus[519]: [1;39m[system] Successfully activated service 'org.manjaro.pamac'[0m
Mar 31 08:16:51 dUsTiN-XPS ModemManager[518]: [1;39m<warn>  Couldn't find support for device at '/sys/devices/pci0000:00/0000:00:1c.2/0000:03:00.0': not supported by any plugin[0m
Mar 31 08:16:51 dUsTiN-XPS ModemManager[518]: [1;39m<warn>  Couldn't find support for device at '/sys/devices/pci0000:00/0000:00:1c.7/0000:04:00.0': not supported by any plugin[0m
Mar 31 08:16:56 dUsTiN-XPS NetworkManager[553]: <info>  startup complete
Mar 31 08:16:56 dUsTiN-XPS sm-notify[902]: [1;39mVersion 1.3.2 starting[0m
Mar 31 08:16:56 dUsTiN-XPS ntpd[899]: [1;39mntpd 4.2.8p1@1.3265-o Fri Feb  6 17:14:44 UTC 2015 (1): Starting[0m
Mar 31 08:16:56 dUsTiN-XPS ntpd[899]: Command line: /usr/bin/ntpd -g -u ntp:ntp
Mar 31 08:16:56 dUsTiN-XPS ntpd[912]: proto: precision = 0.043 usec (-24)
Mar 31 08:16:56 dUsTiN-XPS ntpd[912]: Listen and drop on 0 v6wildcard [::]:123
Mar 31 08:16:56 dUsTiN-XPS ntpd[912]: Listen and drop on 1 v4wildcard 0.0.0.0:123
Mar 31 08:16:56 dUsTiN-XPS ntpd[912]: Listen normally on 2 lo 127.0.0.1:123
Mar 31 08:16:56 dUsTiN-XPS ntpd[912]: Listen normally on 3 enp3s0 192.168.1.100:123
Mar 31 08:16:56 dUsTiN-XPS ntpd[912]: Listen normally on 4 lo [::1]:123
Mar 31 08:16:56 dUsTiN-XPS ntpd[912]: Listen normally on 5 enp3s0 [fe80::3617:ebff:febc:8987%2]:123
Mar 31 08:16:56 dUsTiN-XPS ntpd[912]: Listening on routing socket on fd #22 for interface updates
Mar 31 08:16:56 dUsTiN-XPS rpc.statd[920]: [1;39mVersion 1.3.2 starting[0m
Mar 31 08:16:56 dUsTiN-XPS rpc.statd[920]: [1;39mFlags: TI-RPC[0m
Mar 31 08:16:56 dUsTiN-XPS dbus[519]: [1;39m[system] Activating via systemd: service name='org.freedesktop.Accounts' unit='accounts-daemon.service'[0m
Mar 31 08:16:56 dUsTiN-XPS rpc.statd[920]: [1;39mRunning as root.  chown /var/lib/nfs to choose different user[0m
Mar 31 08:16:56 dUsTiN-XPS accounts-daemon[924]: started daemon version 0.6.40
Mar 31 08:16:56 dUsTiN-XPS dbus[519]: [1;39m[system] Successfully activated service 'org.freedesktop.Accounts'[0m
Mar 31 08:16:56 dUsTiN-XPS nmbd[937]: [1;31m[2015/03/31 08:16:56.306790,  0] ../lib/util/become_daemon.c:124(daemon_ready)[0m
Mar 31 08:16:56 dUsTiN-XPS nmbd[937]: [1;31mSTATUS=daemon 'nmbd' finished starting up and ready to serve connections[0m
Mar 31 08:16:56 dUsTiN-XPS winbindd[939]: [1;31m[2015/03/31 08:16:56.329792,  0] ../source3/winbindd/winbindd_cache.c:3235(initialize_winbindd_cache)[0m
Mar 31 08:16:56 dUsTiN-XPS winbindd[939]: [1;31minitialize_winbindd_cache: clearing cache and re-creating with version number 2[0m
Mar 31 08:16:56 dUsTiN-XPS winbindd[939]: [1;31m[2015/03/31 08:16:56.330996,  0] ../lib/util/become_daemon.c:124(daemon_ready)[0m
Mar 31 08:16:56 dUsTiN-XPS winbindd[939]: [1;31mSTATUS=daemon 'winbindd' finished starting up and ready to serve connections[0m
Mar 31 08:16:56 dUsTiN-XPS kernel: [1;39mKey type dns_resolver registered[0m
Mar 31 08:16:56 dUsTiN-XPS kernel: [1;39mNFS: Registering the id_resolver key type[0m
Mar 31 08:16:56 dUsTiN-XPS kernel: [1;39mKey type id_resolver registered[0m
Mar 31 08:16:56 dUsTiN-XPS kernel: [1;39mKey type id_legacy registered[0m
Mar 31 08:16:56 dUsTiN-XPS smbd[976]: [1;31m[2015/03/31 08:16:56.602428,  0] ../lib/util/become_daemon.c:124(daemon_ready)[0m
Mar 31 08:16:56 dUsTiN-XPS smbd[976]: [1;31mSTATUS=daemon 'smbd' finished starting up and ready to serve connections[0m
Mar 31 08:16:56 dUsTiN-XPS smbd[1340]: [1;31m[2015/03/31 08:16:56.603549,  0] ../source3/printing/print_standard.c:69(std_pcap_cache_reload)[0m
Mar 31 08:16:56 dUsTiN-XPS smbd[1340]: [1;31mUnable to open printcap file /etc/printcap for read![0m
Mar 31 08:16:56 dUsTiN-XPS dbus[519]: [1;39m[system] Activating via systemd: service name='org.freedesktop.Avahi' unit='dbus-org.freedesktop.Avahi.service'[0m
Mar 31 08:16:56 dUsTiN-XPS profile-sync-daemon[940]: Sync successful
Mar 31 08:16:56 dUsTiN-XPS avahi-daemon[1394]: Found user 'avahi' (UID 84) and group 'avahi' (GID 84).
Mar 31 08:16:56 dUsTiN-XPS avahi-daemon[1394]: Successfully dropped root privileges.
